resident_linear_plans_ready=1 mask=0x00000200 dense_intermediate=12288 initialized_plan_count=1 plan_slot_count=21
layer0_attention_fp8_fixture_ready=1 model_dir=/home/spark2/models/hf/nvidia/GLM-5.2-NVFP4 layer_index=0 bytes=165077440
dsa_indexer_fp8_fixture_ready=1 model_dir=/home/spark2/models/hf/nvidia/GLM-5.2-NVFP4 layer_index=0
dsa_indexer_official_fixture_ready=1 layer=0 source=0 bytes=9571008
layer0_dense_fp8_fixture_ready=1 model_dir=/home/spark2/models/hf/nvidia/GLM-5.2-NVFP4 dense_layer_index=0 bytes=226560000
resident_linear_plans_ready=1 mask=0x00001df7 dense_intermediate=12288 initialized_plan_count=11 plan_slot_count=21
layer0_attention_fp8_fixture_ready=1 model_dir=/home/spark2/models/hf/nvidia/GLM-5.2-NVFP4 layer_index=1 bytes=165077440
dsa_indexer_fp8_fixture_ready=1 model_dir=/home/spark2/models/hf/nvidia/GLM-5.2-NVFP4 layer_index=1
dsa_indexer_official_fixture_ready=1 layer=1 source=1 bytes=9571008
layer0_dense_fp8_fixture_ready=1 model_dir=/home/spark2/models/hf/nvidia/GLM-5.2-NVFP4 dense_layer_index=1 bytes=226560000
resident_linear_plans_ready=1 mask=0x00001df7 dense_intermediate=12288 initialized_plan_count=11 plan_slot_count=21
layer0_attention_fp8_fixture_ready=1 model_dir=/home/spark2/models/hf/nvidia/GLM-5.2-NVFP4 layer_index=2 bytes=165077440
dsa_indexer_fp8_fixture_ready=1 model_dir=/home/spark2/models/hf/nvidia/GLM-5.2-NVFP4 layer_index=2
dsa_indexer_official_fixture_ready=1 layer=2 source=2 bytes=9571008
layer0_dense_fp8_fixture_ready=1 model_dir=/home/spark2/models/hf/nvidia/GLM-5.2-NVFP4 dense_layer_index=2 bytes=226560000
resident_linear_plans_ready=1 mask=0x00001df7 dense_intermediate=12288 initialized_plan_count=11 plan_slot_count=21
layer0_attention_fp8_fixture_ready=1 model_dir=/home/spark2/models/hf/nvidia/GLM-5.2-NVFP4 layer_index=3 bytes=165077440
routed_layer_router_bf16_fixture_ready=1 model_dir=/home/spark2/models/hf/nvidia/GLM-5.2-NVFP4 layer=3 bytes=3159040
resident_linear_plans_ready=1 mask=0x000001f8 dense_intermediate=12288 initialized_plan_count=6 plan_slot_count=21
layer0_attention_fp8_fixture_ready=1 model_dir=/home/spark2/models/hf/nvidia/GLM-5.2-NVFP4 layer_index=4 bytes=165077440
routed_layer_router_bf16_fixture_ready=1 model_dir=/home/spark2/models/hf/nvidia/GLM-5.2-NVFP4 layer=4 bytes=3159040
resident_linear_plans_ready=1 mask=0x000001f8 dense_intermediate=12288 initialized_plan_count=6 plan_slot_count=21
layer0_attention_fp8_fixture_ready=1 model_dir=/home/spark2/models/hf/nvidia/GLM-5.2-NVFP4 layer_index=5 bytes=165077440
routed_layer_router_bf16_fixture_ready=1 model_dir=/home/spark2/models/hf/nvidia/GLM-5.2-NVFP4 layer=5 bytes=3159040
resident_linear_plans_ready=1 mask=0x000001f8 dense_intermediate=12288 initialized_plan_count=6 plan_slot_count=21
exact_pp13_stage_sequence_complete first_layer=0 layer_count=6 final=0 token_count=5 total_us=318073.871 maximum_us=86788.391 submissions=5 output_hidden=/tmp/glm52_serial_diff/say_ok_ok_fp8_stagepayloads/after_layer_5.bf16
glm52_resident_decode_stage validation passed fixture=exact_pp13_stage_sequence first_layer=0 layer_count=6 final=0 token_count=5 total_submissions=5 total_us=318073.871 maximum_us=86788.391 limit_us=1000000.000 restricted_token=0 pipeline_output_hidden=/tmp/glm52_serial_diff/say_ok_ok_fp8_stagepayloads/after_layer_5.bf16 graph_captures=0 graph_replays=0
