real_lm_head_fixture_ready=1 model_dir=/home/spark2/models/hf/nvidia/GLM-5.2-NVFP4 bytes=3145728
resident_linear_plans_ready=1 mask=0x00000200 dense_intermediate=12288 initialized_plan_count=1 plan_slot_count=21
layer0_attention_fp8_fixture_ready=1 model_dir=/home/spark2/models/hf/nvidia/GLM-5.2-NVFP4 layer_index=72 bytes=165077440
routed_layer_router_bf16_fixture_ready=1 model_dir=/home/spark2/models/hf/nvidia/GLM-5.2-NVFP4 layer=72 bytes=3159040
resident_linear_plans_ready=1 mask=0x000001f8 dense_intermediate=12288 initialized_plan_count=6 plan_slot_count=21
layer0_attention_fp8_fixture_ready=1 model_dir=/home/spark2/models/hf/nvidia/GLM-5.2-NVFP4 layer_index=73 bytes=165077440
routed_layer_router_bf16_fixture_ready=1 model_dir=/home/spark2/models/hf/nvidia/GLM-5.2-NVFP4 layer=73 bytes=3159040
resident_linear_plans_ready=1 mask=0x000001f8 dense_intermediate=12288 initialized_plan_count=6 plan_slot_count=21
layer0_attention_fp8_fixture_ready=1 model_dir=/home/spark2/models/hf/nvidia/GLM-5.2-NVFP4 layer_index=74 bytes=165077440
dsa_indexer_fp8_fixture_ready=1 model_dir=/home/spark2/models/hf/nvidia/GLM-5.2-NVFP4 layer_index=74
dsa_indexer_official_fixture_ready=1 layer=74 source=74 bytes=9571008
routed_layer_router_bf16_fixture_ready=1 model_dir=/home/spark2/models/hf/nvidia/GLM-5.2-NVFP4 layer=74 bytes=3159040
resident_linear_plans_ready=1 mask=0x00001df8 dense_intermediate=12288 initialized_plan_count=9 plan_slot_count=21
layer0_attention_fp8_fixture_ready=1 model_dir=/home/spark2/models/hf/nvidia/GLM-5.2-NVFP4 layer_index=75 bytes=165077440
routed_layer_router_bf16_fixture_ready=1 model_dir=/home/spark2/models/hf/nvidia/GLM-5.2-NVFP4 layer=75 bytes=3159040
resident_linear_plans_ready=1 mask=0x000001f8 dense_intermediate=12288 initialized_plan_count=6 plan_slot_count=21
layer0_attention_fp8_fixture_ready=1 model_dir=/home/spark2/models/hf/nvidia/GLM-5.2-NVFP4 layer_index=76 bytes=165077440
routed_layer_router_bf16_fixture_ready=1 model_dir=/home/spark2/models/hf/nvidia/GLM-5.2-NVFP4 layer=76 bytes=3159040
resident_linear_plans_ready=1 mask=0x000001f8 dense_intermediate=12288 initialized_plan_count=6 plan_slot_count=21
layer0_attention_fp8_fixture_ready=1 model_dir=/home/spark2/models/hf/nvidia/GLM-5.2-NVFP4 layer_index=77 bytes=165077440
routed_layer_router_bf16_fixture_ready=1 model_dir=/home/spark2/models/hf/nvidia/GLM-5.2-NVFP4 layer=77 bytes=3159040
real_final_norm_bf16_fixture_ready=1 model_dir=/home/spark2/models/hf/nvidia/GLM-5.2-NVFP4 bytes=12288
real_lm_head_fixture_ready=1 model_dir=/home/spark2/models/hf/nvidia/GLM-5.2-NVFP4 bytes=3145728
resident_linear_plans_ready=1 mask=0x000001f8 dense_intermediate=12288 initialized_plan_count=6 plan_slot_count=21
exact_pp13_stage_sequence_final_evidence restricted_token=1079 mtp_draft=0 mtp_reject=0 token_count=5
exact_pp13_stage_sequence_complete first_layer=72 layer_count=6 final=1 token_count=5 total_us=232389.785 maximum_us=56818.953 submissions=5 output_hidden=/tmp/glm52_serial_diff/say_ok_ok_fp8_stagepayloads/after_layer_77.bf16
glm52_resident_decode_stage validation passed fixture=exact_pp13_stage_sequence first_layer=72 layer_count=6 final=1 token_count=5 total_submissions=5 total_us=232389.785 maximum_us=56818.953 limit_us=1000000.000 restricted_token=1079 pipeline_output_hidden=/tmp/glm52_serial_diff/say_ok_ok_fp8_stagepayloads/after_layer_77.bf16 graph_captures=0 graph_replays=0
