resident_linear_plans_ready=1 mask=0x00000200 dense_intermediate=12288 initialized_plan_count=1 plan_slot_count=21
layer0_attention_fp8_fixture_ready=1 model_dir=/home/spark2/models/hf/nvidia/GLM-5.2-NVFP4 layer_index=36 bytes=165077440
routed_layer_router_bf16_fixture_ready=1 model_dir=/home/spark2/models/hf/nvidia/GLM-5.2-NVFP4 layer=36 bytes=3159040
resident_linear_plans_ready=1 mask=0x000001f8 dense_intermediate=12288 initialized_plan_count=6 plan_slot_count=21
layer0_attention_fp8_fixture_ready=1 model_dir=/home/spark2/models/hf/nvidia/GLM-5.2-NVFP4 layer_index=37 bytes=165077440
routed_layer_router_bf16_fixture_ready=1 model_dir=/home/spark2/models/hf/nvidia/GLM-5.2-NVFP4 layer=37 bytes=3159040
resident_linear_plans_ready=1 mask=0x000001f8 dense_intermediate=12288 initialized_plan_count=6 plan_slot_count=21
layer0_attention_fp8_fixture_ready=1 model_dir=/home/spark2/models/hf/nvidia/GLM-5.2-NVFP4 layer_index=38 bytes=165077440
dsa_indexer_fp8_fixture_ready=1 model_dir=/home/spark2/models/hf/nvidia/GLM-5.2-NVFP4 layer_index=38
dsa_indexer_official_fixture_ready=1 layer=38 source=38 bytes=9571008
routed_layer_router_bf16_fixture_ready=1 model_dir=/home/spark2/models/hf/nvidia/GLM-5.2-NVFP4 layer=38 bytes=3159040
resident_linear_plans_ready=1 mask=0x00001df8 dense_intermediate=12288 initialized_plan_count=9 plan_slot_count=21
layer0_attention_fp8_fixture_ready=1 model_dir=/home/spark2/models/hf/nvidia/GLM-5.2-NVFP4 layer_index=39 bytes=165077440
routed_layer_router_bf16_fixture_ready=1 model_dir=/home/spark2/models/hf/nvidia/GLM-5.2-NVFP4 layer=39 bytes=3159040
resident_linear_plans_ready=1 mask=0x000001f8 dense_intermediate=12288 initialized_plan_count=6 plan_slot_count=21
layer0_attention_fp8_fixture_ready=1 model_dir=/home/spark2/models/hf/nvidia/GLM-5.2-NVFP4 layer_index=40 bytes=165077440
routed_layer_router_bf16_fixture_ready=1 model_dir=/home/spark2/models/hf/nvidia/GLM-5.2-NVFP4 layer=40 bytes=3159040
resident_linear_plans_ready=1 mask=0x000001f8 dense_intermediate=12288 initialized_plan_count=6 plan_slot_count=21
layer0_attention_fp8_fixture_ready=1 model_dir=/home/spark2/models/hf/nvidia/GLM-5.2-NVFP4 layer_index=41 bytes=165077440
routed_layer_router_bf16_fixture_ready=1 model_dir=/home/spark2/models/hf/nvidia/GLM-5.2-NVFP4 layer=41 bytes=3159040
resident_linear_plans_ready=1 mask=0x000001f8 dense_intermediate=12288 initialized_plan_count=6 plan_slot_count=21
exact_pp13_stage_sequence_complete first_layer=36 layer_count=6 final=0 token_count=5 total_us=229812.527 maximum_us=55161.410 submissions=5 output_hidden=/tmp/glm52_serial_diff/say_ok_ok_fp8_stagepayloads/after_layer_41.bf16
glm52_resident_decode_stage validation passed fixture=exact_pp13_stage_sequence first_layer=36 layer_count=6 final=0 token_count=5 total_submissions=5 total_us=229812.527 maximum_us=55161.410 limit_us=1000000.000 restricted_token=0 pipeline_output_hidden=/tmp/glm52_serial_diff/say_ok_ok_fp8_stagepayloads/after_layer_41.bf16 graph_captures=0 graph_replays=0
