resident_linear_plans_ready=1 mask=0x00000200 dense_intermediate=12288 initialized_plan_count=1 plan_slot_count=21
layer0_attention_fp8_fixture_ready=1 model_dir=/home/spark2/models/hf/nvidia/GLM-5.2-NVFP4 layer_index=54 bytes=165077440
dsa_indexer_fp8_fixture_ready=1 model_dir=/home/spark2/models/hf/nvidia/GLM-5.2-NVFP4 layer_index=54
dsa_indexer_official_fixture_ready=1 layer=54 source=54 bytes=9571008
routed_layer_router_bf16_fixture_ready=1 model_dir=/home/spark2/models/hf/nvidia/GLM-5.2-NVFP4 layer=54 bytes=3159040
resident_linear_plans_ready=1 mask=0x00001df8 dense_intermediate=12288 initialized_plan_count=9 plan_slot_count=21
layer0_attention_fp8_fixture_ready=1 model_dir=/home/spark2/models/hf/nvidia/GLM-5.2-NVFP4 layer_index=55 bytes=165077440
routed_layer_router_bf16_fixture_ready=1 model_dir=/home/spark2/models/hf/nvidia/GLM-5.2-NVFP4 layer=55 bytes=3159040
resident_linear_plans_ready=1 mask=0x000001f8 dense_intermediate=12288 initialized_plan_count=6 plan_slot_count=21
layer0_attention_fp8_fixture_ready=1 model_dir=/home/spark2/models/hf/nvidia/GLM-5.2-NVFP4 layer_index=56 bytes=165077440
routed_layer_router_bf16_fixture_ready=1 model_dir=/home/spark2/models/hf/nvidia/GLM-5.2-NVFP4 layer=56 bytes=3159040
resident_linear_plans_ready=1 mask=0x000001f8 dense_intermediate=12288 initialized_plan_count=6 plan_slot_count=21
layer0_attention_fp8_fixture_ready=1 model_dir=/home/spark2/models/hf/nvidia/GLM-5.2-NVFP4 layer_index=57 bytes=165077440
routed_layer_router_bf16_fixture_ready=1 model_dir=/home/spark2/models/hf/nvidia/GLM-5.2-NVFP4 layer=57 bytes=3159040
resident_linear_plans_ready=1 mask=0x000001f8 dense_intermediate=12288 initialized_plan_count=6 plan_slot_count=21
layer0_attention_fp8_fixture_ready=1 model_dir=/home/spark2/models/hf/nvidia/GLM-5.2-NVFP4 layer_index=58 bytes=165077440
dsa_indexer_fp8_fixture_ready=1 model_dir=/home/spark2/models/hf/nvidia/GLM-5.2-NVFP4 layer_index=58
dsa_indexer_official_fixture_ready=1 layer=58 source=58 bytes=9571008
routed_layer_router_bf16_fixture_ready=1 model_dir=/home/spark2/models/hf/nvidia/GLM-5.2-NVFP4 layer=58 bytes=3159040
resident_linear_plans_ready=1 mask=0x00001df8 dense_intermediate=12288 initialized_plan_count=9 plan_slot_count=21
layer0_attention_fp8_fixture_ready=1 model_dir=/home/spark2/models/hf/nvidia/GLM-5.2-NVFP4 layer_index=59 bytes=165077440
routed_layer_router_bf16_fixture_ready=1 model_dir=/home/spark2/models/hf/nvidia/GLM-5.2-NVFP4 layer=59 bytes=3159040
resident_linear_plans_ready=1 mask=0x000001f8 dense_intermediate=12288 initialized_plan_count=6 plan_slot_count=21
exact_pp13_stage_sequence_complete first_layer=54 layer_count=6 final=0 token_count=5 total_us=237595.500 maximum_us=55481.926 submissions=5 output_hidden=/tmp/glm52_serial_diff/say_ok_ok_fp8_stagepayloads/after_layer_59.bf16
glm52_resident_decode_stage validation passed fixture=exact_pp13_stage_sequence first_layer=54 layer_count=6 final=0 token_count=5 total_submissions=5 total_us=237595.500 maximum_us=55481.926 limit_us=1000000.000 restricted_token=0 pipeline_output_hidden=/tmp/glm52_serial_diff/say_ok_ok_fp8_stagepayloads/after_layer_59.bf16 graph_captures=0 graph_replays=0
