tcp_recv_accept fd=35
tcp_send_connected fd=37 sink=10.10.100.14
glm52_cuda_residentd=1
rank=3
host=10.10.100.13
socket=/home/spark3/sparkpipe_state/cuda_resident_rank3.sock
stage=18:6
fp8_pack_root=/home/spark3/models/sparkpipe/glm52_fp8_pp13_stage_payload_v1
transport_so=/home/spark3/sparkpipe_runtime/lib/libhidden_transport_tcp_cuda.so
driver_so=/home/spark3/sparkpipe_runtime/lib/model_driver.so
node_context_builder_so=/home/spark3/sparkpipe_runtime/lib/libglm52_pp13_node_context_builder.so
state=ready
resident_stage_execute_reject step=input_transport status=15 slot=0 flags=0x00000003
production_runner_submit_failed status=15 frame_flags=0x00000003 active=1 tokens=1 slot=0 position=0 frame_context=0xffffc4627ae8
cuda_residentd_submit_result_error rank=3 submit_work_failed status=15
resident_stage_execute_reject step=input_transport status=15 slot=0 flags=0x00000003
production_runner_submit_failed status=15 frame_flags=0x00000003 active=1 tokens=1 slot=0 position=0 frame_context=0xffffc4627ae8
cuda_residentd_submit_result_error rank=3 submit_work_failed status=15
resident_stage_execute_reject step=input_transport status=15 slot=0 flags=0x00000003
production_runner_submit_failed status=15 frame_flags=0x00000003 active=1 tokens=1 slot=0 position=0 frame_context=0xffffc4627ae8
cuda_residentd_submit_result_error rank=3 submit_work_failed status=15
resident_stage_execute_reject step=input_transport status=15 slot=0 flags=0x00000003
production_runner_submit_failed status=15 frame_flags=0x00000003 active=1 tokens=1 slot=0 position=0 frame_context=0xffffc4627ae8
cuda_residentd_submit_result_error rank=3 submit_work_failed status=15
resident_stage_execute_reject step=input_transport status=15 slot=0 flags=0x00000003
production_runner_submit_failed status=15 frame_flags=0x00000003 active=1 tokens=1 slot=0 position=0 frame_context=0xffffc4627ae8
cuda_residentd_submit_result_error rank=3 submit_work_failed status=15
resident_stage_execute_reject step=input_transport status=15 slot=0 flags=0x00000003
production_runner_submit_failed status=15 frame_flags=0x00000003 active=1 tokens=1 slot=0 position=0 frame_context=0xffffc4627ae8
cuda_residentd_submit_result_error rank=3 submit_work_failed status=15
resident_stage_execute_reject step=input_transport status=15 slot=0 flags=0x00000003
production_runner_submit_failed status=15 frame_flags=0x00000003 active=1 tokens=1 slot=0 position=0 frame_context=0xffffc4627ae8
cuda_residentd_submit_result_error rank=3 submit_work_failed status=15
resident_stage_execute_reject step=input_transport status=15 slot=0 flags=0x00000003
production_runner_submit_failed status=15 frame_flags=0x00000003 active=1 tokens=1 slot=0 position=0 frame_context=0xffffc4627ae8
cuda_residentd_submit_result_error rank=3 submit_work_failed status=15
resident_stage_execute_reject step=input_transport status=15 slot=0 flags=0x00000003
production_runner_submit_failed status=15 frame_flags=0x00000003 active=1 tokens=1 slot=0 position=0 frame_context=0xffffc4627ae8
cuda_residentd_submit_result_error rank=3 submit_work_failed status=15
resident_stage_execute_reject step=input_transport status=15 slot=0 flags=0x00000003
production_runner_submit_failed status=15 frame_flags=0x00000003 active=1 tokens=1 slot=0 position=0 frame_context=0xffffc4627ae8
cuda_residentd_submit_result_error rank=3 submit_work_failed status=15
resident_stage_execute_reject step=input_transport status=15 slot=0 flags=0x00000003
production_runner_submit_failed status=15 frame_flags=0x00000003 active=1 tokens=1 slot=0 position=0 frame_context=0xffffc4627ae8
cuda_residentd_submit_result_error rank=3 submit_work_failed status=15
resident_stage_execute_reject step=input_transport status=15 slot=0 flags=0x00000003
production_runner_submit_failed status=15 frame_flags=0x00000003 active=1 tokens=1 slot=0 position=0 frame_context=0xffffc4627ae8
cuda_residentd_submit_result_error rank=3 submit_work_failed status=15
resident_stage_execute_reject step=input_transport status=15 slot=0 flags=0x00000003
production_runner_submit_failed status=15 frame_flags=0x00000003 active=1 tokens=1 slot=0 position=0 frame_context=0xffffc4627ae8
cuda_residentd_submit_result_error rank=3 submit_work_failed status=15
resident_stage_execute_reject step=input_transport status=15 slot=0 flags=0x00000003
production_runner_submit_failed status=15 frame_flags=0x00000003 active=1 tokens=1 slot=0 position=0 frame_context=0xffffc4627ae8
cuda_residentd_submit_result_error rank=3 submit_work_failed status=15
resident_stage_execute_reject step=input_transport status=15 slot=0 flags=0x00000003
production_runner_submit_failed status=15 frame_flags=0x00000003 active=1 tokens=1 slot=0 position=0 frame_context=0xffffc4627ae8
cuda_residentd_submit_result_error rank=3 submit_work_failed status=15
resident_stage_execute_reject step=input_transport status=15 slot=0 flags=0x00000003
production_runner_submit_failed status=15 frame_flags=0x00000003 active=1 tokens=1 slot=0 position=0 frame_context=0xffffc4627ae8
cuda_residentd_submit_result_error rank=3 submit_work_failed status=15
resident_stage_execute_reject step=input_transport status=15 slot=0 flags=0x00000003
production_runner_submit_failed status=15 frame_flags=0x00000003 active=1 tokens=1 slot=0 position=0 frame_context=0xffffc4627ae8
cuda_residentd_submit_result_error rank=3 submit_work_failed status=15
resident_stage_execute_reject step=input_transport status=15 slot=0 flags=0x00000003
production_runner_submit_failed status=15 frame_flags=0x00000003 active=1 tokens=1 slot=0 position=0 frame_context=0xffffc4627ae8
cuda_residentd_submit_result_error rank=3 submit_work_failed status=15
resident_stage_execute_reject step=input_transport status=15 slot=0 flags=0x00000003
production_runner_submit_failed status=15 frame_flags=0x00000003 active=1 tokens=1 slot=0 position=0 frame_context=0xffffc4627ae8
cuda_residentd_submit_result_error rank=3 submit_work_failed status=15
resident_stage_execute_reject step=input_transport status=15 slot=0 flags=0x00000003
production_runner_submit_failed status=15 frame_flags=0x00000003 active=1 tokens=1 slot=0 position=0 frame_context=0xffffc4627ae8
cuda_residentd_submit_result_error rank=3 submit_work_failed status=15
resident_stage_execute_reject step=input_transport status=15 slot=0 flags=0x00000003
production_runner_submit_failed status=15 frame_flags=0x00000003 active=1 tokens=1 slot=0 position=0 frame_context=0xffffc4627ae8
cuda_residentd_submit_result_error rank=3 submit_work_failed status=15
resident_stage_execute_reject step=input_transport status=15 slot=0 flags=0x00000003
production_runner_submit_failed status=15 frame_flags=0x00000003 active=1 tokens=1 slot=0 position=0 frame_context=0xffffc4627ae8
cuda_residentd_submit_result_error rank=3 submit_work_failed status=15
resident_stage_execute_reject step=input_transport status=15 slot=0 flags=0x00000003
production_runner_submit_failed status=15 frame_flags=0x00000003 active=1 tokens=1 slot=0 position=0 frame_context=0xffffc4627ae8
cuda_residentd_submit_result_error rank=3 submit_work_failed status=15
resident_stage_execute_reject step=input_transport status=15 slot=0 flags=0x00000003
production_runner_submit_failed status=15 frame_flags=0x00000003 active=1 tokens=1 slot=0 position=0 frame_context=0xffffc4627ae8
cuda_residentd_submit_result_error rank=3 submit_work_failed status=15
resident_stage_execute_reject step=input_transport status=15 slot=0 flags=0x00000003
production_runner_submit_failed status=15 frame_flags=0x00000003 active=1 tokens=1 slot=0 position=0 frame_context=0xffffc4627ae8
cuda_residentd_submit_result_error rank=3 submit_work_failed status=15
resident_stage_execute_reject step=input_transport status=15 slot=0 flags=0x00000003
production_runner_submit_failed status=15 frame_flags=0x00000003 active=1 tokens=1 slot=0 position=0 frame_context=0xffffc4627ae8
cuda_residentd_submit_result_error rank=3 submit_work_failed status=15
resident_stage_execute_reject step=input_transport status=15 slot=0 flags=0x00000003
production_runner_submit_failed status=15 frame_flags=0x00000003 active=1 tokens=1 slot=0 position=0 frame_context=0xffffc4627ae8
cuda_residentd_submit_result_error rank=3 submit_work_failed status=15
resident_stage_execute_reject step=input_transport status=15 slot=0 flags=0x00000003
production_runner_submit_failed status=15 frame_flags=0x00000003 active=1 tokens=1 slot=0 position=1 frame_context=0xffffc4627ae8
cuda_residentd_submit_result_error rank=3 submit_work_failed status=15
resident_stage_execute_reject step=input_transport status=15 slot=0 flags=0x00000003
production_runner_submit_failed status=15 frame_flags=0x00000003 active=1 tokens=1 slot=0 position=0 frame_context=0xffffc4627ae8
cuda_residentd_submit_result_error rank=3 submit_work_failed status=15
resident_stage_execute_reject step=input_transport status=15 slot=0 flags=0x00000003
production_runner_submit_failed status=15 frame_flags=0x00000003 active=1 tokens=1 slot=0 position=1 frame_context=0xffffc4627ae8
cuda_residentd_submit_result_error rank=3 submit_work_failed status=15
resident_stage_execute_reject step=input_transport status=15 slot=0 flags=0x00000003
production_runner_submit_failed status=15 frame_flags=0x00000003 active=1 tokens=1 slot=0 position=0 frame_context=0xffffc4627ae8
cuda_residentd_submit_result_error rank=3 submit_work_failed status=15
resident_stage_execute_reject step=input_transport status=15 slot=0 flags=0x00000003
production_runner_submit_failed status=15 frame_flags=0x00000003 active=1 tokens=1 slot=0 position=1 frame_context=0xffffc4627ae8
cuda_residentd_submit_result_error rank=3 submit_work_failed status=15
resident_stage_execute_reject step=input_transport status=15 slot=0 flags=0x00000003
production_runner_submit_failed status=15 frame_flags=0x00000003 active=1 tokens=1 slot=0 position=0 frame_context=0xffffc4627ae8
cuda_residentd_submit_result_error rank=3 submit_work_failed status=15
resident_stage_execute_reject step=input_transport status=15 slot=0 flags=0x00000003
production_runner_submit_failed status=15 frame_flags=0x00000003 active=1 tokens=1 slot=0 position=1 frame_context=0xffffc4627ae8
cuda_residentd_submit_result_error rank=3 submit_work_failed status=15
resident_stage_execute_reject step=input_transport status=15 slot=0 flags=0x00000003
production_runner_submit_failed status=15 frame_flags=0x00000003 active=1 tokens=1 slot=0 position=0 frame_context=0xffffc4627ae8
cuda_residentd_submit_result_error rank=3 submit_work_failed status=15
resident_stage_execute_reject step=input_transport status=15 slot=0 flags=0x00000003
production_runner_submit_failed status=15 frame_flags=0x00000003 active=1 tokens=1 slot=0 position=1 frame_context=0xffffc4627ae8
cuda_residentd_submit_result_error rank=3 submit_work_failed status=15
resident_stage_execute_reject step=input_transport status=15 slot=0 flags=0x00000003
production_runner_submit_failed status=15 frame_flags=0x00000003 active=1 tokens=1 slot=0 position=0 frame_context=0xffffc4627ae8
cuda_residentd_submit_result_error rank=3 submit_work_failed status=15
resident_stage_execute_reject step=input_transport status=15 slot=0 flags=0x00000003
production_runner_submit_failed status=15 frame_flags=0x00000003 active=1 tokens=1 slot=0 position=1 frame_context=0xffffc4627ae8
cuda_residentd_submit_result_error rank=3 submit_work_failed status=15
resident_stage_execute_reject step=input_transport status=15 slot=0 flags=0x00000003
production_runner_submit_failed status=15 frame_flags=0x00000003 active=1 tokens=1 slot=0 position=0 frame_context=0xffffc4627ae8
cuda_residentd_submit_result_error rank=3 submit_work_failed status=15
resident_stage_execute_reject step=input_transport status=15 slot=0 flags=0x00000003
production_runner_submit_failed status=15 frame_flags=0x00000003 active=1 tokens=1 slot=0 position=1 frame_context=0xffffc4627ae8
cuda_residentd_submit_result_error rank=3 submit_work_failed status=15
resident_stage_execute_reject step=input_transport status=15 slot=0 flags=0x00000003
production_runner_submit_failed status=15 frame_flags=0x00000003 active=1 tokens=1 slot=0 position=0 frame_context=0xffffc4627ae8
cuda_residentd_submit_result_error rank=3 submit_work_failed status=15
resident_stage_execute_reject step=input_transport status=15 slot=0 flags=0x00000003
production_runner_submit_failed status=15 frame_flags=0x00000003 active=1 tokens=1 slot=0 position=1 frame_context=0xffffc4627ae8
cuda_residentd_submit_result_error rank=3 submit_work_failed status=15
resident_stage_execute_reject step=input_transport status=15 slot=0 flags=0x00000003
production_runner_submit_failed status=15 frame_flags=0x00000003 active=1 tokens=1 slot=0 position=0 frame_context=0xffffc4627ae8
cuda_residentd_submit_result_error rank=3 submit_work_failed status=15
resident_stage_execute_reject step=input_transport status=15 slot=0 flags=0x00000003
production_runner_submit_failed status=15 frame_flags=0x00000003 active=1 tokens=1 slot=0 position=1 frame_context=0xffffc4627ae8
cuda_residentd_submit_result_error rank=3 submit_work_failed status=15
resident_stage_execute_reject step=input_transport status=15 slot=0 flags=0x00000003
production_runner_submit_failed status=15 frame_flags=0x00000003 active=1 tokens=1 slot=0 position=0 frame_context=0xffffc4627ae8
cuda_residentd_submit_result_error rank=3 submit_work_failed status=15
resident_stage_execute_reject step=input_transport status=15 slot=0 flags=0x00000003
production_runner_submit_failed status=15 frame_flags=0x00000003 active=1 tokens=1 slot=0 position=1 frame_context=0xffffc4627ae8
cuda_residentd_submit_result_error rank=3 submit_work_failed status=15
resident_stage_execute_reject step=input_transport status=15 slot=0 flags=0x00000003
production_runner_submit_failed status=15 frame_flags=0x00000003 active=1 tokens=1 slot=0 position=0 frame_context=0xffffc4627ae8
cuda_residentd_submit_result_error rank=3 submit_work_failed status=15
resident_stage_execute_reject step=input_transport status=15 slot=0 flags=0x00000003
production_runner_submit_failed status=15 frame_flags=0x00000003 active=1 tokens=1 slot=0 position=1 frame_context=0xffffc4627ae8
cuda_residentd_submit_result_error rank=3 submit_work_failed status=15
resident_stage_execute_reject step=input_transport status=15 slot=0 flags=0x00000003
production_runner_submit_failed status=15 frame_flags=0x00000003 active=1 tokens=1 slot=0 position=0 frame_context=0xffffc4627ae8
cuda_residentd_submit_result_error rank=3 submit_work_failed status=15
resident_stage_execute_reject step=input_transport status=15 slot=0 flags=0x00000003
production_runner_submit_failed status=15 frame_flags=0x00000003 active=1 tokens=1 slot=0 position=1 frame_context=0xffffc4627ae8
cuda_residentd_submit_result_error rank=3 submit_work_failed status=15
resident_stage_execute_reject step=input_transport status=15 slot=0 flags=0x00000003
production_runner_submit_failed status=15 frame_flags=0x00000003 active=1 tokens=1 slot=0 position=0 frame_context=0xffffc4627ae8
cuda_residentd_submit_result_error rank=3 submit_work_failed status=15
resident_stage_execute_reject step=input_transport status=15 slot=0 flags=0x00000003
production_runner_submit_failed status=15 frame_flags=0x00000003 active=1 tokens=1 slot=0 position=1 frame_context=0xffffc4627ae8
cuda_residentd_submit_result_error rank=3 submit_work_failed status=15
resident_stage_execute_reject step=input_transport status=15 slot=0 flags=0x00000003
production_runner_submit_failed status=15 frame_flags=0x00000003 active=1 tokens=1 slot=0 position=0 frame_context=0xffffc4627ae8
cuda_residentd_submit_result_error rank=3 submit_work_failed status=15
resident_stage_execute_reject step=input_transport status=15 slot=0 flags=0x00000003
production_runner_submit_failed status=15 frame_flags=0x00000003 active=1 tokens=1 slot=0 position=1 frame_context=0xffffc4627ae8
cuda_residentd_submit_result_error rank=3 submit_work_failed status=15
resident_stage_execute_reject step=input_transport status=15 slot=0 flags=0x00000003
production_runner_submit_failed status=15 frame_flags=0x00000003 active=1 tokens=1 slot=0 position=0 frame_context=0xffffc4627ae8
cuda_residentd_submit_result_error rank=3 submit_work_failed status=15
resident_stage_execute_reject step=input_transport status=15 slot=0 flags=0x00000003
production_runner_submit_failed status=15 frame_flags=0x00000003 active=1 tokens=1 slot=0 position=1 frame_context=0xffffc4627ae8
cuda_residentd_submit_result_error rank=3 submit_work_failed status=15
resident_stage_execute_reject step=input_transport status=15 slot=0 flags=0x00000003
production_runner_submit_failed status=15 frame_flags=0x00000003 active=1 tokens=1 slot=0 position=0 frame_context=0xffffc4627ae8
cuda_residentd_submit_result_error rank=3 submit_work_failed status=15
resident_stage_execute_reject step=input_transport status=15 slot=0 flags=0x00000003
production_runner_submit_failed status=15 frame_flags=0x00000003 active=1 tokens=1 slot=0 position=1 frame_context=0xffffc4627ae8
cuda_residentd_submit_result_error rank=3 submit_work_failed status=15
resident_stage_execute_reject step=input_transport status=15 slot=0 flags=0x00000003
production_runner_submit_failed status=15 frame_flags=0x00000003 active=1 tokens=1 slot=0 position=0 frame_context=0xffffc4627ae8
cuda_residentd_submit_result_error rank=3 submit_work_failed status=15
resident_stage_execute_reject step=input_transport status=15 slot=0 flags=0x00000003
production_runner_submit_failed status=15 frame_flags=0x00000003 active=1 tokens=1 slot=0 position=1 frame_context=0xffffc4627ae8
cuda_residentd_submit_result_error rank=3 submit_work_failed status=15
resident_stage_execute_reject step=input_transport status=15 slot=0 flags=0x00000003
production_runner_submit_failed status=15 frame_flags=0x00000003 active=1 tokens=1 slot=0 position=0 frame_context=0xffffc4627ae8
cuda_residentd_submit_result_error rank=3 submit_work_failed status=15
resident_stage_execute_reject step=input_transport status=15 slot=0 flags=0x00000003
production_runner_submit_failed status=15 frame_flags=0x00000003 active=1 tokens=1 slot=0 position=1 frame_context=0xffffc4627ae8
cuda_residentd_submit_result_error rank=3 submit_work_failed status=15
resident_stage_execute_reject step=input_transport status=15 slot=0 flags=0x00000003
production_runner_submit_failed status=15 frame_flags=0x00000003 active=1 tokens=1 slot=0 position=0 frame_context=0xffffc4627ae8
cuda_residentd_submit_result_error rank=3 submit_work_failed status=15
resident_stage_execute_reject step=input_transport status=15 slot=0 flags=0x00000003
production_runner_submit_failed status=15 frame_flags=0x00000003 active=1 tokens=1 slot=0 position=1 frame_context=0xffffc4627ae8
cuda_residentd_submit_result_error rank=3 submit_work_failed status=15
resident_stage_execute_reject step=input_transport status=15 slot=0 flags=0x00000003
production_runner_submit_failed status=15 frame_flags=0x00000003 active=1 tokens=1 slot=0 position=0 frame_context=0xffffc4627ae8
cuda_residentd_submit_result_error rank=3 submit_work_failed status=15
resident_stage_execute_reject step=input_transport status=15 slot=0 flags=0x00000003
production_runner_submit_failed status=15 frame_flags=0x00000003 active=1 tokens=1 slot=0 position=1 frame_context=0xffffc4627ae8
cuda_residentd_submit_result_error rank=3 submit_work_failed status=15
resident_stage_execute_reject step=input_transport status=15 slot=0 flags=0x00000003
production_runner_submit_failed status=15 frame_flags=0x00000003 active=1 tokens=1 slot=0 position=0 frame_context=0xffffc4627ae8
cuda_residentd_submit_result_error rank=3 submit_work_failed status=15
resident_stage_execute_reject step=input_transport status=15 slot=0 flags=0x00000003
production_runner_submit_failed status=15 frame_flags=0x00000003 active=1 tokens=1 slot=0 position=1 frame_context=0xffffc4627ae8
cuda_residentd_submit_result_error rank=3 submit_work_failed status=15
resident_stage_execute_reject step=input_transport status=15 slot=0 flags=0x00000003
production_runner_submit_failed status=15 frame_flags=0x00000003 active=1 tokens=1 slot=0 position=0 frame_context=0xffffc4627ae8
cuda_residentd_submit_result_error rank=3 submit_work_failed status=15
resident_stage_execute_reject step=input_transport status=15 slot=0 flags=0x00000003
production_runner_submit_failed status=15 frame_flags=0x00000003 active=1 tokens=1 slot=0 position=1 frame_context=0xffffc4627ae8
cuda_residentd_submit_result_error rank=3 submit_work_failed status=15
resident_stage_execute_reject step=input_transport status=15 slot=0 flags=0x00000003
production_runner_submit_failed status=15 frame_flags=0x00000003 active=1 tokens=1 slot=0 position=0 frame_context=0xffffc4627ae8
cuda_residentd_submit_result_error rank=3 submit_work_failed status=15
resident_stage_execute_reject step=input_transport status=15 slot=0 flags=0x00000003
production_runner_submit_failed status=15 frame_flags=0x00000003 active=1 tokens=1 slot=0 position=1 frame_context=0xffffc4627ae8
cuda_residentd_submit_result_error rank=3 submit_work_failed status=15
resident_stage_execute_reject step=input_transport status=15 slot=0 flags=0x00000003
production_runner_submit_failed status=15 frame_flags=0x00000003 active=1 tokens=1 slot=0 position=0 frame_context=0xffffc4627ae8
cuda_residentd_submit_result_error rank=3 submit_work_failed status=15
resident_stage_execute_reject step=input_transport status=15 slot=0 flags=0x00000003
production_runner_submit_failed status=15 frame_flags=0x00000003 active=1 tokens=1 slot=0 position=1 frame_context=0xffffc4627ae8
cuda_residentd_submit_result_error rank=3 submit_work_failed status=15
resident_stage_execute_reject step=input_transport status=15 slot=0 flags=0x00000003
production_runner_submit_failed status=15 frame_flags=0x00000003 active=1 tokens=1 slot=0 position=0 frame_context=0xffffc4627ae8
cuda_residentd_submit_result_error rank=3 submit_work_failed status=15
resident_stage_execute_reject step=input_transport status=15 slot=0 flags=0x00000003
production_runner_submit_failed status=15 frame_flags=0x00000003 active=1 tokens=1 slot=0 position=1 frame_context=0xffffc4627ae8
cuda_residentd_submit_result_error rank=3 submit_work_failed status=15
resident_stage_execute_reject step=input_transport status=15 slot=0 flags=0x00000003
production_runner_submit_failed status=15 frame_flags=0x00000003 active=1 tokens=1 slot=0 position=0 frame_context=0xffffc4627ae8
cuda_residentd_submit_result_error rank=3 submit_work_failed status=15
resident_stage_execute_reject step=input_transport status=15 slot=0 flags=0x00000003
production_runner_submit_failed status=15 frame_flags=0x00000003 active=1 tokens=1 slot=0 position=1 frame_context=0xffffc4627ae8
cuda_residentd_submit_result_error rank=3 submit_work_failed status=15
tcp_frame_delivered seq=1 pos=0 active=1 sk=0 sb=0
hidden_tcp_deliver seq=1 token=0 active=1 sideband_kind=0 hidden_hash=5a7c9fcf6cc4b361 sideband_hash=0000000000000000 hidden_bytes=12288 sideband_bytes=0
stage_prepare_output_hidden slot=0 active=1 session=0xc6b948d528c0 bytes=12288 device=0xec38ff400000
tcp_frame_delivered seq=1 pos=1 active=1 sk=0 sb=0
tcp_frame_delivered seq=1 pos=2 active=1 sk=0 sb=0
tcp_frame_delivered seq=1 pos=3 active=1 sk=0 sb=0
tcp_frame_delivered seq=1 pos=4 active=1 sk=0 sb=0
stage_finish_submit graph_capture=1 signature=11679812611335024709 completion=(nil) function=(nil)
stage_complete_send sequence=1 position=0 slot=0 session=0xc6b948d528c0 bytes=12288
hidden_tcp_send_header seq=1 token=0 active=1 sideband_kind=1 sideband_bps=8192 hidden_hash=5a7c9fcf6cc4b361 sideband_hash=b9d103fd6854a325 hidden_bytes=12288 sideband_bytes=8192 total=20520
stage_complete_send_status status=0 sequence=1 position=0
hidden_tcp_deliver seq=1 token=1 active=1 sideband_kind=0 hidden_hash=5bf24261d596122c sideband_hash=0000000000000000 hidden_bytes=12288 sideband_bytes=0
stage_prepare_output_hidden slot=0 active=1 session=0xc6b948d528c0 bytes=12288 device=0xec38ff400000
stage_finish_submit graph_capture=1 signature=14948021590621433210 completion=(nil) function=(nil)
stage_complete_send sequence=1 position=1 slot=0 session=0xc6b948d528c0 bytes=12288
hidden_tcp_send_header seq=1 token=1 active=1 sideband_kind=1 sideband_bps=8192 hidden_hash=5bf24261d596122c sideband_hash=b9d103fd6854a325 hidden_bytes=12288 sideband_bytes=8192 total=20520
stage_complete_send_status status=0 sequence=1 position=1
hidden_tcp_deliver seq=1 token=2 active=1 sideband_kind=0 hidden_hash=86f8f70b0fa2bc5b sideband_hash=0000000000000000 hidden_bytes=12288 sideband_bytes=0
stage_prepare_output_hidden slot=0 active=1 session=0xc6b948d528c0 bytes=12288 device=0xec38ff400000
stage_finish_submit graph_capture=1 signature=11438459308017924395 completion=(nil) function=(nil)
stage_complete_send sequence=1 position=2 slot=0 session=0xc6b948d528c0 bytes=12288
hidden_tcp_send_header seq=1 token=2 active=1 sideband_kind=1 sideband_bps=8192 hidden_hash=86f8f70b0fa2bc5b sideband_hash=b9d103fd6854a325 hidden_bytes=12288 sideband_bytes=8192 total=20520
stage_complete_send_status status=0 sequence=1 position=2
hidden_tcp_deliver seq=1 token=3 active=1 sideband_kind=0 hidden_hash=dc9b049d01771775 sideband_hash=0000000000000000 hidden_bytes=12288 sideband_bytes=0
stage_prepare_output_hidden slot=0 active=1 session=0xc6b948d528c0 bytes=12288 device=0xec38ff400000
stage_finish_submit graph_capture=1 signature=5331901988439901976 completion=(nil) function=(nil)
stage_complete_send sequence=1 position=3 slot=0 session=0xc6b948d528c0 bytes=12288
hidden_tcp_send_header seq=1 token=3 active=1 sideband_kind=1 sideband_bps=8192 hidden_hash=dc9b049d01771775 sideband_hash=b9d103fd6854a325 hidden_bytes=12288 sideband_bytes=8192 total=20520
stage_complete_send_status status=0 sequence=1 position=3
hidden_tcp_deliver seq=1 token=4 active=1 sideband_kind=0 hidden_hash=120369d249ca391b sideband_hash=0000000000000000 hidden_bytes=12288 sideband_bytes=0
stage_prepare_output_hidden slot=0 active=1 session=0xc6b948d528c0 bytes=12288 device=0xec38ff400000
stage_finish_submit graph_capture=1 signature=15827449165807797545 completion=(nil) function=(nil)
tcp_frame_delivered seq=1 pos=5 active=1 sk=0 sb=0
stage_complete_send sequence=1 position=4 slot=0 session=0xc6b948d528c0 bytes=12288
hidden_tcp_send_header seq=1 token=4 active=1 sideband_kind=1 sideband_bps=8192 hidden_hash=120369d249ca391b sideband_hash=b9d103fd6854a325 hidden_bytes=12288 sideband_bytes=8192 total=20520
stage_complete_send_status status=0 sequence=1 position=4
hidden_tcp_deliver seq=1 token=5 active=1 sideband_kind=0 hidden_hash=5b310d7a0077b37e sideband_hash=0000000000000000 hidden_bytes=12288 sideband_bytes=0
stage_prepare_output_hidden slot=0 active=1 session=0xc6b948d528c0 bytes=12288 device=0xec38ff400000
stage_finish_submit graph_capture=1 signature=14426530393546399201 completion=(nil) function=(nil)
stage_complete_send sequence=1 position=5 slot=0 session=0xc6b948d528c0 bytes=12288
hidden_tcp_send_header seq=1 token=5 active=1 sideband_kind=1 sideband_bps=8192 hidden_hash=55afdbf65773afea sideband_hash=39de1a4aecff4abc hidden_bytes=12288 sideband_bytes=8192 total=20520
stage_complete_send_status status=0 sequence=1 position=5
