glm52_cuda_residentd=1
rank=2
host=10.10.100.12
socket=/home/spark2/sparkpipe_state/cuda_resident_rank2.sock
stage=12:6
fp8_pack_root=/home/spark2/models/sparkpipe/glm52_fp8_pp13_stage_payload_v1
transport_so=/home/spark2/sparkpipe_runtime/lib/libhidden_transport_tcp_cuda.so
driver_so=/home/spark2/sparkpipe_runtime/lib/model_driver.so
node_context_builder_so=/home/spark2/sparkpipe_runtime/lib/libglm52_pp13_node_context_builder.so
state=ready
tcp_send_connected fd=37 sink=10.10.100.13
tcp_recv_accept fd=35
resident_stage_execute_reject step=input_transport status=15 slot=0 flags=0x00000003
production_runner_submit_failed status=15 frame_flags=0x00000003 active=1 tokens=1 slot=0 position=0 frame_context=0xffffed741628
cuda_residentd_submit_result_error rank=2 submit_work_failed status=15
resident_stage_execute_reject step=input_transport status=15 slot=0 flags=0x00000003
production_runner_submit_failed status=15 frame_flags=0x00000003 active=1 tokens=1 slot=0 position=0 frame_context=0xffffed741628
cuda_residentd_submit_result_error rank=2 submit_work_failed status=15
resident_stage_execute_reject step=input_transport status=15 slot=0 flags=0x00000003
production_runner_submit_failed status=15 frame_flags=0x00000003 active=1 tokens=1 slot=0 position=0 frame_context=0xffffed741628
cuda_residentd_submit_result_error rank=2 submit_work_failed status=15
resident_stage_execute_reject step=input_transport status=15 slot=0 flags=0x00000003
production_runner_submit_failed status=15 frame_flags=0x00000003 active=1 tokens=1 slot=0 position=0 frame_context=0xffffed741628
cuda_residentd_submit_result_error rank=2 submit_work_failed status=15
resident_stage_execute_reject step=input_transport status=15 slot=0 flags=0x00000003
production_runner_submit_failed status=15 frame_flags=0x00000003 active=1 tokens=1 slot=0 position=0 frame_context=0xffffed741628
cuda_residentd_submit_result_error rank=2 submit_work_failed status=15
resident_stage_execute_reject step=input_transport status=15 slot=0 flags=0x00000003
production_runner_submit_failed status=15 frame_flags=0x00000003 active=1 tokens=1 slot=0 position=0 frame_context=0xffffed741628
cuda_residentd_submit_result_error rank=2 submit_work_failed status=15
resident_stage_execute_reject step=input_transport status=15 slot=0 flags=0x00000003
production_runner_submit_failed status=15 frame_flags=0x00000003 active=1 tokens=1 slot=0 position=0 frame_context=0xffffed741628
cuda_residentd_submit_result_error rank=2 submit_work_failed status=15
resident_stage_execute_reject step=input_transport status=15 slot=0 flags=0x00000003
production_runner_submit_failed status=15 frame_flags=0x00000003 active=1 tokens=1 slot=0 position=0 frame_context=0xffffed741628
cuda_residentd_submit_result_error rank=2 submit_work_failed status=15
resident_stage_execute_reject step=input_transport status=15 slot=0 flags=0x00000003
production_runner_submit_failed status=15 frame_flags=0x00000003 active=1 tokens=1 slot=0 position=0 frame_context=0xffffed741628
cuda_residentd_submit_result_error rank=2 submit_work_failed status=15
resident_stage_execute_reject step=input_transport status=15 slot=0 flags=0x00000003
production_runner_submit_failed status=15 frame_flags=0x00000003 active=1 tokens=1 slot=0 position=0 frame_context=0xffffed741628
cuda_residentd_submit_result_error rank=2 submit_work_failed status=15
resident_stage_execute_reject step=input_transport status=15 slot=0 flags=0x00000003
production_runner_submit_failed status=15 frame_flags=0x00000003 active=1 tokens=1 slot=0 position=0 frame_context=0xffffed741628
cuda_residentd_submit_result_error rank=2 submit_work_failed status=15
resident_stage_execute_reject step=input_transport status=15 slot=0 flags=0x00000003
production_runner_submit_failed status=15 frame_flags=0x00000003 active=1 tokens=1 slot=0 position=0 frame_context=0xffffed741628
cuda_residentd_submit_result_error rank=2 submit_work_failed status=15
resident_stage_execute_reject step=input_transport status=15 slot=0 flags=0x00000003
production_runner_submit_failed status=15 frame_flags=0x00000003 active=1 tokens=1 slot=0 position=0 frame_context=0xffffed741628
cuda_residentd_submit_result_error rank=2 submit_work_failed status=15
resident_stage_execute_reject step=input_transport status=15 slot=0 flags=0x00000003
production_runner_submit_failed status=15 frame_flags=0x00000003 active=1 tokens=1 slot=0 position=0 frame_context=0xffffed741628
cuda_residentd_submit_result_error rank=2 submit_work_failed status=15
resident_stage_execute_reject step=input_transport status=15 slot=0 flags=0x00000003
production_runner_submit_failed status=15 frame_flags=0x00000003 active=1 tokens=1 slot=0 position=0 frame_context=0xffffed741628
cuda_residentd_submit_result_error rank=2 submit_work_failed status=15
resident_stage_execute_reject step=input_transport status=15 slot=0 flags=0x00000003
production_runner_submit_failed status=15 frame_flags=0x00000003 active=1 tokens=1 slot=0 position=0 frame_context=0xffffed741628
cuda_residentd_submit_result_error rank=2 submit_work_failed status=15
resident_stage_execute_reject step=input_transport status=15 slot=0 flags=0x00000003
production_runner_submit_failed status=15 frame_flags=0x00000003 active=1 tokens=1 slot=0 position=0 frame_context=0xffffed741628
cuda_residentd_submit_result_error rank=2 submit_work_failed status=15
resident_stage_execute_reject step=input_transport status=15 slot=0 flags=0x00000003
production_runner_submit_failed status=15 frame_flags=0x00000003 active=1 tokens=1 slot=0 position=0 frame_context=0xffffed741628
cuda_residentd_submit_result_error rank=2 submit_work_failed status=15
resident_stage_execute_reject step=input_transport status=15 slot=0 flags=0x00000003
production_runner_submit_failed status=15 frame_flags=0x00000003 active=1 tokens=1 slot=0 position=0 frame_context=0xffffed741628
cuda_residentd_submit_result_error rank=2 submit_work_failed status=15
resident_stage_execute_reject step=input_transport status=15 slot=0 flags=0x00000003
production_runner_submit_failed status=15 frame_flags=0x00000003 active=1 tokens=1 slot=0 position=0 frame_context=0xffffed741628
cuda_residentd_submit_result_error rank=2 submit_work_failed status=15
resident_stage_execute_reject step=input_transport status=15 slot=0 flags=0x00000003
production_runner_submit_failed status=15 frame_flags=0x00000003 active=1 tokens=1 slot=0 position=1 frame_context=0xffffed741628
cuda_residentd_submit_result_error rank=2 submit_work_failed status=15
resident_stage_execute_reject step=input_transport status=15 slot=0 flags=0x00000003
production_runner_submit_failed status=15 frame_flags=0x00000003 active=1 tokens=1 slot=0 position=0 frame_context=0xffffed741628
cuda_residentd_submit_result_error rank=2 submit_work_failed status=15
resident_stage_execute_reject step=input_transport status=15 slot=0 flags=0x00000003
production_runner_submit_failed status=15 frame_flags=0x00000003 active=1 tokens=1 slot=0 position=1 frame_context=0xffffed741628
cuda_residentd_submit_result_error rank=2 submit_work_failed status=15
resident_stage_execute_reject step=input_transport status=15 slot=0 flags=0x00000003
production_runner_submit_failed status=15 frame_flags=0x00000003 active=1 tokens=1 slot=0 position=0 frame_context=0xffffed741628
cuda_residentd_submit_result_error rank=2 submit_work_failed status=15
resident_stage_execute_reject step=input_transport status=15 slot=0 flags=0x00000003
production_runner_submit_failed status=15 frame_flags=0x00000003 active=1 tokens=1 slot=0 position=1 frame_context=0xffffed741628
cuda_residentd_submit_result_error rank=2 submit_work_failed status=15
resident_stage_execute_reject step=input_transport status=15 slot=0 flags=0x00000003
production_runner_submit_failed status=15 frame_flags=0x00000003 active=1 tokens=1 slot=0 position=0 frame_context=0xffffed741628
cuda_residentd_submit_result_error rank=2 submit_work_failed status=15
resident_stage_execute_reject step=input_transport status=15 slot=0 flags=0x00000003
production_runner_submit_failed status=15 frame_flags=0x00000003 active=1 tokens=1 slot=0 position=1 frame_context=0xffffed741628
cuda_residentd_submit_result_error rank=2 submit_work_failed status=15
resident_stage_execute_reject step=input_transport status=15 slot=0 flags=0x00000003
production_runner_submit_failed status=15 frame_flags=0x00000003 active=1 tokens=1 slot=0 position=0 frame_context=0xffffed741628
cuda_residentd_submit_result_error rank=2 submit_work_failed status=15
resident_stage_execute_reject step=input_transport status=15 slot=0 flags=0x00000003
production_runner_submit_failed status=15 frame_flags=0x00000003 active=1 tokens=1 slot=0 position=1 frame_context=0xffffed741628
cuda_residentd_submit_result_error rank=2 submit_work_failed status=15
resident_stage_execute_reject step=input_transport status=15 slot=0 flags=0x00000003
production_runner_submit_failed status=15 frame_flags=0x00000003 active=1 tokens=1 slot=0 position=0 frame_context=0xffffed741628
cuda_residentd_submit_result_error rank=2 submit_work_failed status=15
tcp_frame_delivered seq=1 pos=0 active=1 sk=1 sb=8192
resident_stage_execute_reject step=input_transport status=15 slot=0 flags=0x00000003
production_runner_submit_failed status=15 frame_flags=0x00000003 active=1 tokens=1 slot=0 position=1 frame_context=0xffffed741628
cuda_residentd_submit_result_error rank=2 submit_work_failed status=15
hidden_tcp_deliver seq=1 token=0 active=1 sideband_kind=1 hidden_hash=5a7c9fcf6cc4b361 sideband_hash=b9d103fd6854a325 hidden_bytes=12288 sideband_bytes=8192
stage_prepare_output_hidden slot=0 active=1 session=0xc25602c1fa30 bytes=12288 device=0xea75ff600000
tcp_frame_delivered seq=1 pos=1 active=1 sk=1 sb=8192
stage_finish_submit graph_capture=1 signature=3697600753172419822 completion=(nil) function=(nil)
tcp_frame_delivered seq=1 pos=2 active=1 sk=1 sb=8192
stage_complete_send sequence=1 position=0 slot=0 session=0xc25602c1fa30 bytes=12288
hidden_tcp_send_header seq=1 token=0 active=1 sideband_kind=0 sideband_bps=0 hidden_hash=5a7c9fcf6cc4b361 sideband_hash=0000000000000000 hidden_bytes=12288 sideband_bytes=0 total=12328
stage_complete_send_status status=0 sequence=1 position=0
hidden_tcp_deliver seq=1 token=1 active=1 sideband_kind=1 hidden_hash=5bf24261d596122c sideband_hash=b9d103fd6854a325 hidden_bytes=12288 sideband_bytes=8192
stage_prepare_output_hidden slot=0 active=1 session=0xc25602c1fa30 bytes=12288 device=0xea75ff600000
stage_finish_submit graph_capture=1 signature=12904168982206797053 completion=(nil) function=(nil)
tcp_frame_delivered seq=1 pos=3 active=1 sk=1 sb=8192
stage_complete_send sequence=1 position=1 slot=0 session=0xc25602c1fa30 bytes=12288
hidden_tcp_send_header seq=1 token=1 active=1 sideband_kind=0 sideband_bps=0 hidden_hash=5bf24261d596122c sideband_hash=0000000000000000 hidden_bytes=12288 sideband_bytes=0 total=12328
stage_complete_send_status status=0 sequence=1 position=1
hidden_tcp_deliver seq=1 token=2 active=1 sideband_kind=1 hidden_hash=86f8f70b0fa2bc5b sideband_hash=b9d103fd6854a325 hidden_bytes=12288 sideband_bytes=8192
stage_prepare_output_hidden slot=0 active=1 session=0xc25602c1fa30 bytes=12288 device=0xea75ff600000
stage_finish_submit graph_capture=1 signature=9403608572640914540 completion=(nil) function=(nil)
stage_complete_send sequence=1 position=2 slot=0 session=0xc25602c1fa30 bytes=12288
hidden_tcp_send_header seq=1 token=2 active=1 sideband_kind=0 sideband_bps=0 hidden_hash=86f8f70b0fa2bc5b sideband_hash=0000000000000000 hidden_bytes=12288 sideband_bytes=0 total=12328
stage_complete_send_status status=0 sequence=1 position=2
hidden_tcp_deliver seq=1 token=3 active=1 sideband_kind=1 hidden_hash=dc9b049d01771775 sideband_hash=b9d103fd6854a325 hidden_bytes=12288 sideband_bytes=8192
stage_prepare_output_hidden slot=0 active=1 session=0xc25602c1fa30 bytes=12288 device=0xea75ff600000
stage_finish_submit graph_capture=1 signature=15939727897523467899 completion=(nil) function=(nil)
tcp_frame_delivered seq=1 pos=4 active=1 sk=1 sb=8192
stage_complete_send sequence=1 position=3 slot=0 session=0xc25602c1fa30 bytes=12288
hidden_tcp_send_header seq=1 token=3 active=1 sideband_kind=0 sideband_bps=0 hidden_hash=dc9b049d01771775 sideband_hash=0000000000000000 hidden_bytes=12288 sideband_bytes=0 total=12328
stage_complete_send_status status=0 sequence=1 position=3
hidden_tcp_deliver seq=1 token=4 active=1 sideband_kind=1 hidden_hash=120369d249ca391b sideband_hash=b9d103fd6854a325 hidden_bytes=12288 sideband_bytes=8192
stage_prepare_output_hidden slot=0 active=1 session=0xc25602c1fa30 bytes=12288 device=0xea75ff600000
stage_finish_submit graph_capture=1 signature=12775959905505992890 completion=(nil) function=(nil)
stage_complete_send sequence=1 position=4 slot=0 session=0xc25602c1fa30 bytes=12288
hidden_tcp_send_header seq=1 token=4 active=1 sideband_kind=0 sideband_bps=0 hidden_hash=120369d249ca391b sideband_hash=0000000000000000 hidden_bytes=12288 sideband_bytes=0 total=12328
stage_complete_send_status status=0 sequence=1 position=4
resident_stage_execute_reject step=input_transport status=15 slot=0 flags=0x00000001
production_runner_submit_failed status=15 frame_flags=0x00000001 active=1 tokens=1 slot=0 position=5 frame_context=0xffffed741628
cuda_residentd_submit_result_error rank=2 submit_work_failed status=15
resident_stage_execute_reject step=input_transport status=15 slot=0 flags=0x00000001
production_runner_submit_failed status=15 frame_flags=0x00000001 active=1 tokens=1 slot=0 position=5 frame_context=0xffffed741628
cuda_residentd_submit_result_error rank=2 submit_work_failed status=15
resident_stage_execute_reject step=input_transport status=15 slot=0 flags=0x00000001
production_runner_submit_failed status=15 frame_flags=0x00000001 active=1 tokens=1 slot=0 position=5 frame_context=0xffffed741628
cuda_residentd_submit_result_error rank=2 submit_work_failed status=15
resident_stage_execute_reject step=input_transport status=15 slot=0 flags=0x00000001
production_runner_submit_failed status=15 frame_flags=0x00000001 active=1 tokens=1 slot=0 position=5 frame_context=0xffffed741628
cuda_residentd_submit_result_error rank=2 submit_work_failed status=15
resident_stage_execute_reject step=input_transport status=15 slot=0 flags=0x00000001
production_runner_submit_failed status=15 frame_flags=0x00000001 active=1 tokens=1 slot=0 position=5 frame_context=0xffffed741628
cuda_residentd_submit_result_error rank=2 submit_work_failed status=15
resident_stage_execute_reject step=input_transport status=15 slot=0 flags=0x00000001
production_runner_submit_failed status=15 frame_flags=0x00000001 active=1 tokens=1 slot=0 position=5 frame_context=0xffffed741628
cuda_residentd_submit_result_error rank=2 submit_work_failed status=15
resident_stage_execute_reject step=input_transport status=15 slot=0 flags=0x00000001
production_runner_submit_failed status=15 frame_flags=0x00000001 active=1 tokens=1 slot=0 position=5 frame_context=0xffffed741628
cuda_residentd_submit_result_error rank=2 submit_work_failed status=15
resident_stage_execute_reject step=input_transport status=15 slot=0 flags=0x00000001
production_runner_submit_failed status=15 frame_flags=0x00000001 active=1 tokens=1 slot=0 position=5 frame_context=0xffffed741628
cuda_residentd_submit_result_error rank=2 submit_work_failed status=15
resident_stage_execute_reject step=input_transport status=15 slot=0 flags=0x00000001
production_runner_submit_failed status=15 frame_flags=0x00000001 active=1 tokens=1 slot=0 position=5 frame_context=0xffffed741628
cuda_residentd_submit_result_error rank=2 submit_work_failed status=15
resident_stage_execute_reject step=input_transport status=15 slot=0 flags=0x00000001
production_runner_submit_failed status=15 frame_flags=0x00000001 active=1 tokens=1 slot=0 position=5 frame_context=0xffffed741628
cuda_residentd_submit_result_error rank=2 submit_work_failed status=15
resident_stage_execute_reject step=input_transport status=15 slot=0 flags=0x00000001
production_runner_submit_failed status=15 frame_flags=0x00000001 active=1 tokens=1 slot=0 position=5 frame_context=0xffffed741628
cuda_residentd_submit_result_error rank=2 submit_work_failed status=15
resident_stage_execute_reject step=input_transport status=15 slot=0 flags=0x00000001
production_runner_submit_failed status=15 frame_flags=0x00000001 active=1 tokens=1 slot=0 position=5 frame_context=0xffffed741628
cuda_residentd_submit_result_error rank=2 submit_work_failed status=15
resident_stage_execute_reject step=input_transport status=15 slot=0 flags=0x00000001
production_runner_submit_failed status=15 frame_flags=0x00000001 active=1 tokens=1 slot=0 position=5 frame_context=0xffffed741628
cuda_residentd_submit_result_error rank=2 submit_work_failed status=15
resident_stage_execute_reject step=input_transport status=15 slot=0 flags=0x00000001
production_runner_submit_failed status=15 frame_flags=0x00000001 active=1 tokens=1 slot=0 position=5 frame_context=0xffffed741628
cuda_residentd_submit_result_error rank=2 submit_work_failed status=15
resident_stage_execute_reject step=input_transport status=15 slot=0 flags=0x00000001
production_runner_submit_failed status=15 frame_flags=0x00000001 active=1 tokens=1 slot=0 position=5 frame_context=0xffffed741628
cuda_residentd_submit_result_error rank=2 submit_work_failed status=15
resident_stage_execute_reject step=input_transport status=15 slot=0 flags=0x00000001
production_runner_submit_failed status=15 frame_flags=0x00000001 active=1 tokens=1 slot=0 position=5 frame_context=0xffffed741628
cuda_residentd_submit_result_error rank=2 submit_work_failed status=15
resident_stage_execute_reject step=input_transport status=15 slot=0 flags=0x00000001
production_runner_submit_failed status=15 frame_flags=0x00000001 active=1 tokens=1 slot=0 position=5 frame_context=0xffffed741628
cuda_residentd_submit_result_error rank=2 submit_work_failed status=15
resident_stage_execute_reject step=input_transport status=15 slot=0 flags=0x00000001
production_runner_submit_failed status=15 frame_flags=0x00000001 active=1 tokens=1 slot=0 position=5 frame_context=0xffffed741628
cuda_residentd_submit_result_error rank=2 submit_work_failed status=15
resident_stage_execute_reject step=input_transport status=15 slot=0 flags=0x00000001
production_runner_submit_failed status=15 frame_flags=0x00000001 active=1 tokens=1 slot=0 position=5 frame_context=0xffffed741628
cuda_residentd_submit_result_error rank=2 submit_work_failed status=15
resident_stage_execute_reject step=input_transport status=15 slot=0 flags=0x00000001
production_runner_submit_failed status=15 frame_flags=0x00000001 active=1 tokens=1 slot=0 position=5 frame_context=0xffffed741628
cuda_residentd_submit_result_error rank=2 submit_work_failed status=15
resident_stage_execute_reject step=input_transport status=15 slot=0 flags=0x00000001
production_runner_submit_failed status=15 frame_flags=0x00000001 active=1 tokens=1 slot=0 position=5 frame_context=0xffffed741628
cuda_residentd_submit_result_error rank=2 submit_work_failed status=15
resident_stage_execute_reject step=input_transport status=15 slot=0 flags=0x00000001
production_runner_submit_failed status=15 frame_flags=0x00000001 active=1 tokens=1 slot=0 position=5 frame_context=0xffffed741628
cuda_residentd_submit_result_error rank=2 submit_work_failed status=15
resident_stage_execute_reject step=input_transport status=15 slot=0 flags=0x00000001
production_runner_submit_failed status=15 frame_flags=0x00000001 active=1 tokens=1 slot=0 position=5 frame_context=0xffffed741628
cuda_residentd_submit_result_error rank=2 submit_work_failed status=15
resident_stage_execute_reject step=input_transport status=15 slot=0 flags=0x00000001
production_runner_submit_failed status=15 frame_flags=0x00000001 active=1 tokens=1 slot=0 position=5 frame_context=0xffffed741628
cuda_residentd_submit_result_error rank=2 submit_work_failed status=15
resident_stage_execute_reject step=input_transport status=15 slot=0 flags=0x00000001
production_runner_submit_failed status=15 frame_flags=0x00000001 active=1 tokens=1 slot=0 position=5 frame_context=0xffffed741628
cuda_residentd_submit_result_error rank=2 submit_work_failed status=15
tcp_frame_delivered seq=1 pos=5 active=1 sk=1 sb=8192
hidden_tcp_deliver seq=1 token=5 active=1 sideband_kind=1 hidden_hash=91556e23838ac700 sideband_hash=c2d28d7f2d9ed64c hidden_bytes=12288 sideband_bytes=8192
stage_prepare_output_hidden slot=0 active=1 session=0xc25602c1fa30 bytes=12288 device=0xea75ff600000
stage_finish_submit graph_capture=1 signature=16110905617135041909 completion=(nil) function=(nil)
stage_complete_send sequence=1 position=5 slot=0 session=0xc25602c1fa30 bytes=12288
hidden_tcp_send_header seq=1 token=5 active=1 sideband_kind=0 sideband_bps=0 hidden_hash=5b310d7a0077b37e sideband_hash=0000000000000000 hidden_bytes=12288 sideband_bytes=0 total=12328
stage_complete_send_status status=0 sequence=1 position=5
