resident_linear_plans_ready=1 mask=0x00000200 dense_intermediate=12288 initialized_plan_count=1 plan_slot_count=21
exact_pp13_attention_execution_mode=1 layer=42
layer0_attention_fp8_fixture_ready=1 model_dir=/home/spark7/models/hf/zai-org/GLM-5.2-FP8 layer_index=42 bytes=165077440
dsa_indexer_fp8_fixture_ready=1 model_dir=/home/spark7/models/hf/zai-org/GLM-5.2-FP8 layer_index=42
dsa_indexer_official_fixture_ready=1 layer=42 source=42 bytes=9571008
routed_layer_router_bf16_fixture_ready=1 model_dir=/home/spark7/models/hf/zai-org/GLM-5.2-FP8 layer=42 bytes=3159040
fp8_mlp_fixture_ready=1 model_dir=/home/spark7/models/hf/zai-org/GLM-5.2-FP8 layer_index=42 shared=1 bytes=37770240
resident_linear_plans_ready=1 mask=0x00001dff dense_intermediate=2048 initialized_plan_count=12 plan_slot_count=21
exact_pp13_attention_execution_mode=1 layer=43
layer0_attention_fp8_fixture_ready=1 model_dir=/home/spark7/models/hf/zai-org/GLM-5.2-FP8 layer_index=43 bytes=165077440
routed_layer_router_bf16_fixture_ready=1 model_dir=/home/spark7/models/hf/zai-org/GLM-5.2-FP8 layer=43 bytes=3159040
fp8_mlp_fixture_ready=1 model_dir=/home/spark7/models/hf/zai-org/GLM-5.2-FP8 layer_index=43 shared=1 bytes=37770240
resident_linear_plans_ready=1 mask=0x000001ff dense_intermediate=2048 initialized_plan_count=9 plan_slot_count=21
exact_pp13_attention_execution_mode=1 layer=44
layer0_attention_fp8_fixture_ready=1 model_dir=/home/spark7/models/hf/zai-org/GLM-5.2-FP8 layer_index=44 bytes=165077440
routed_layer_router_bf16_fixture_ready=1 model_dir=/home/spark7/models/hf/zai-org/GLM-5.2-FP8 layer=44 bytes=3159040
fp8_mlp_fixture_ready=1 model_dir=/home/spark7/models/hf/zai-org/GLM-5.2-FP8 layer_index=44 shared=1 bytes=37770240
resident_linear_plans_ready=1 mask=0x000001ff dense_intermediate=2048 initialized_plan_count=9 plan_slot_count=21
exact_pp13_attention_execution_mode=1 layer=45
layer0_attention_fp8_fixture_ready=1 model_dir=/home/spark7/models/hf/zai-org/GLM-5.2-FP8 layer_index=45 bytes=165077440
routed_layer_router_bf16_fixture_ready=1 model_dir=/home/spark7/models/hf/zai-org/GLM-5.2-FP8 layer=45 bytes=3159040
fp8_mlp_fixture_ready=1 model_dir=/home/spark7/models/hf/zai-org/GLM-5.2-FP8 layer_index=45 shared=1 bytes=37770240
resident_linear_plans_ready=1 mask=0x000001ff dense_intermediate=2048 initialized_plan_count=9 plan_slot_count=21
exact_pp13_attention_execution_mode=1 layer=46
layer0_attention_fp8_fixture_ready=1 model_dir=/home/spark7/models/hf/zai-org/GLM-5.2-FP8 layer_index=46 bytes=165077440
dsa_indexer_fp8_fixture_ready=1 model_dir=/home/spark7/models/hf/zai-org/GLM-5.2-FP8 layer_index=46
dsa_indexer_official_fixture_ready=1 layer=46 source=46 bytes=9571008
routed_layer_router_bf16_fixture_ready=1 model_dir=/home/spark7/models/hf/zai-org/GLM-5.2-FP8 layer=46 bytes=3159040
fp8_mlp_fixture_ready=1 model_dir=/home/spark7/models/hf/zai-org/GLM-5.2-FP8 layer_index=46 shared=1 bytes=37770240
resident_linear_plans_ready=1 mask=0x00001dff dense_intermediate=2048 initialized_plan_count=12 plan_slot_count=21
exact_pp13_attention_execution_mode=1 layer=47
layer0_attention_fp8_fixture_ready=1 model_dir=/home/spark7/models/hf/zai-org/GLM-5.2-FP8 layer_index=47 bytes=165077440
routed_layer_router_bf16_fixture_ready=1 model_dir=/home/spark7/models/hf/zai-org/GLM-5.2-FP8 layer=47 bytes=3159040
fp8_mlp_fixture_ready=1 model_dir=/home/spark7/models/hf/zai-org/GLM-5.2-FP8 layer_index=47 shared=1 bytes=37770240
resident_linear_plans_ready=1 mask=0x000001ff dense_intermediate=2048 initialized_plan_count=9 plan_slot_count=21
exact_pp13_stage_sequence_complete first_layer=42 layer_count=6 final=0 token_count=5 total_us=102851.328 maximum_us=33742.980 submissions=5 output_hidden=/home/spark7/sparkpipe_bench/b1_fp8_serial_current_6d36eb4/after_layer_47.bf16
glm52_resident_decode_stage validation passed fixture=exact_pp13_stage_sequence first_layer=42 layer_count=6 final=0 token_count=5 total_submissions=5 total_us=102851.328 maximum_us=33742.980 limit_us=1000000.000 restricted_token=0 pipeline_output_hidden=/home/spark7/sparkpipe_bench/b1_fp8_serial_current_6d36eb4/after_layer_47.bf16 graph_captures=0 graph_replays=0
