resident_linear_plans_ready=1 mask=0x00000200 dense_intermediate=12288 initialized_plan_count=1 plan_slot_count=21
exact_pp13_attention_execution_mode=1 layer=48
layer0_attention_fp8_fixture_ready=1 model_dir=/home/spark8/models/hf/zai-org/GLM-5.2-FP8 layer_index=48 bytes=165077440
routed_layer_router_bf16_fixture_ready=1 model_dir=/home/spark8/models/hf/zai-org/GLM-5.2-FP8 layer=48 bytes=3159040
fp8_mlp_fixture_ready=1 model_dir=/home/spark8/models/hf/zai-org/GLM-5.2-FP8 layer_index=48 shared=1 bytes=37770240
resident_linear_plans_ready=1 mask=0x000001ff dense_intermediate=2048 initialized_plan_count=9 plan_slot_count=21
exact_pp13_attention_execution_mode=1 layer=49
layer0_attention_fp8_fixture_ready=1 model_dir=/home/spark8/models/hf/zai-org/GLM-5.2-FP8 layer_index=49 bytes=165077440
routed_layer_router_bf16_fixture_ready=1 model_dir=/home/spark8/models/hf/zai-org/GLM-5.2-FP8 layer=49 bytes=3159040
fp8_mlp_fixture_ready=1 model_dir=/home/spark8/models/hf/zai-org/GLM-5.2-FP8 layer_index=49 shared=1 bytes=37770240
resident_linear_plans_ready=1 mask=0x000001ff dense_intermediate=2048 initialized_plan_count=9 plan_slot_count=21
exact_pp13_attention_execution_mode=1 layer=50
layer0_attention_fp8_fixture_ready=1 model_dir=/home/spark8/models/hf/zai-org/GLM-5.2-FP8 layer_index=50 bytes=165077440
dsa_indexer_fp8_fixture_ready=1 model_dir=/home/spark8/models/hf/zai-org/GLM-5.2-FP8 layer_index=50
dsa_indexer_official_fixture_ready=1 layer=50 source=50 bytes=9571008
routed_layer_router_bf16_fixture_ready=1 model_dir=/home/spark8/models/hf/zai-org/GLM-5.2-FP8 layer=50 bytes=3159040
fp8_mlp_fixture_ready=1 model_dir=/home/spark8/models/hf/zai-org/GLM-5.2-FP8 layer_index=50 shared=1 bytes=37770240
resident_linear_plans_ready=1 mask=0x00001dff dense_intermediate=2048 initialized_plan_count=12 plan_slot_count=21
exact_pp13_attention_execution_mode=1 layer=51
layer0_attention_fp8_fixture_ready=1 model_dir=/home/spark8/models/hf/zai-org/GLM-5.2-FP8 layer_index=51 bytes=165077440
routed_layer_router_bf16_fixture_ready=1 model_dir=/home/spark8/models/hf/zai-org/GLM-5.2-FP8 layer=51 bytes=3159040
fp8_mlp_fixture_ready=1 model_dir=/home/spark8/models/hf/zai-org/GLM-5.2-FP8 layer_index=51 shared=1 bytes=37770240
resident_linear_plans_ready=1 mask=0x000001ff dense_intermediate=2048 initialized_plan_count=9 plan_slot_count=21
exact_pp13_attention_execution_mode=1 layer=52
layer0_attention_fp8_fixture_ready=1 model_dir=/home/spark8/models/hf/zai-org/GLM-5.2-FP8 layer_index=52 bytes=165077440
routed_layer_router_bf16_fixture_ready=1 model_dir=/home/spark8/models/hf/zai-org/GLM-5.2-FP8 layer=52 bytes=3159040
fp8_mlp_fixture_ready=1 model_dir=/home/spark8/models/hf/zai-org/GLM-5.2-FP8 layer_index=52 shared=1 bytes=37770240
resident_linear_plans_ready=1 mask=0x000001ff dense_intermediate=2048 initialized_plan_count=9 plan_slot_count=21
exact_pp13_attention_execution_mode=1 layer=53
layer0_attention_fp8_fixture_ready=1 model_dir=/home/spark8/models/hf/zai-org/GLM-5.2-FP8 layer_index=53 bytes=165077440
routed_layer_router_bf16_fixture_ready=1 model_dir=/home/spark8/models/hf/zai-org/GLM-5.2-FP8 layer=53 bytes=3159040
fp8_mlp_fixture_ready=1 model_dir=/home/spark8/models/hf/zai-org/GLM-5.2-FP8 layer_index=53 shared=1 bytes=37770240
resident_linear_plans_ready=1 mask=0x000001ff dense_intermediate=2048 initialized_plan_count=9 plan_slot_count=21
exact_pp13_stage_sequence_complete first_layer=48 layer_count=6 final=0 token_count=5 total_us=101334.270 maximum_us=31183.082 submissions=5 output_hidden=/home/spark8/sparkpipe_bench/b1_fp8_serial_current_6d36eb4/after_layer_53.bf16
glm52_resident_decode_stage validation passed fixture=exact_pp13_stage_sequence first_layer=48 layer_count=6 final=0 token_count=5 total_submissions=5 total_us=101334.270 maximum_us=31183.082 limit_us=1000000.000 restricted_token=0 pipeline_output_hidden=/home/spark8/sparkpipe_bench/b1_fp8_serial_current_6d36eb4/after_layer_53.bf16 graph_captures=0 graph_replays=0
