resident_linear_plans_ready=1 mask=0x00000200 dense_intermediate=12288 initialized_plan_count=1 plan_slot_count=21
exact_pp13_attention_execution_mode=1 layer=66
layer0_attention_fp8_fixture_ready=1 model_dir=/home/sparkb/models/hf/zai-org/GLM-5.2-FP8 layer_index=66 bytes=165077440
dsa_indexer_fp8_fixture_ready=1 model_dir=/home/sparkb/models/hf/zai-org/GLM-5.2-FP8 layer_index=66
dsa_indexer_official_fixture_ready=1 layer=66 source=66 bytes=9571008
routed_layer_router_bf16_fixture_ready=1 model_dir=/home/sparkb/models/hf/zai-org/GLM-5.2-FP8 layer=66 bytes=3159040
fp8_mlp_fixture_ready=1 model_dir=/home/sparkb/models/hf/zai-org/GLM-5.2-FP8 layer_index=66 shared=1 bytes=37770240
resident_linear_plans_ready=1 mask=0x00001dff dense_intermediate=2048 initialized_plan_count=12 plan_slot_count=21
exact_pp13_attention_execution_mode=1 layer=67
layer0_attention_fp8_fixture_ready=1 model_dir=/home/sparkb/models/hf/zai-org/GLM-5.2-FP8 layer_index=67 bytes=165077440
routed_layer_router_bf16_fixture_ready=1 model_dir=/home/sparkb/models/hf/zai-org/GLM-5.2-FP8 layer=67 bytes=3159040
fp8_mlp_fixture_ready=1 model_dir=/home/sparkb/models/hf/zai-org/GLM-5.2-FP8 layer_index=67 shared=1 bytes=37770240
resident_linear_plans_ready=1 mask=0x000001ff dense_intermediate=2048 initialized_plan_count=9 plan_slot_count=21
exact_pp13_attention_execution_mode=1 layer=68
layer0_attention_fp8_fixture_ready=1 model_dir=/home/sparkb/models/hf/zai-org/GLM-5.2-FP8 layer_index=68 bytes=165077440
routed_layer_router_bf16_fixture_ready=1 model_dir=/home/sparkb/models/hf/zai-org/GLM-5.2-FP8 layer=68 bytes=3159040
fp8_mlp_fixture_ready=1 model_dir=/home/sparkb/models/hf/zai-org/GLM-5.2-FP8 layer_index=68 shared=1 bytes=37770240
resident_linear_plans_ready=1 mask=0x000001ff dense_intermediate=2048 initialized_plan_count=9 plan_slot_count=21
exact_pp13_attention_execution_mode=1 layer=69
layer0_attention_fp8_fixture_ready=1 model_dir=/home/sparkb/models/hf/zai-org/GLM-5.2-FP8 layer_index=69 bytes=165077440
routed_layer_router_bf16_fixture_ready=1 model_dir=/home/sparkb/models/hf/zai-org/GLM-5.2-FP8 layer=69 bytes=3159040
fp8_mlp_fixture_ready=1 model_dir=/home/sparkb/models/hf/zai-org/GLM-5.2-FP8 layer_index=69 shared=1 bytes=37770240
resident_linear_plans_ready=1 mask=0x000001ff dense_intermediate=2048 initialized_plan_count=9 plan_slot_count=21
exact_pp13_attention_execution_mode=1 layer=70
layer0_attention_fp8_fixture_ready=1 model_dir=/home/sparkb/models/hf/zai-org/GLM-5.2-FP8 layer_index=70 bytes=165077440
dsa_indexer_fp8_fixture_ready=1 model_dir=/home/sparkb/models/hf/zai-org/GLM-5.2-FP8 layer_index=70
dsa_indexer_official_fixture_ready=1 layer=70 source=70 bytes=9571008
routed_layer_router_bf16_fixture_ready=1 model_dir=/home/sparkb/models/hf/zai-org/GLM-5.2-FP8 layer=70 bytes=3159040
fp8_mlp_fixture_ready=1 model_dir=/home/sparkb/models/hf/zai-org/GLM-5.2-FP8 layer_index=70 shared=1 bytes=37770240
resident_linear_plans_ready=1 mask=0x00001dff dense_intermediate=2048 initialized_plan_count=12 plan_slot_count=21
exact_pp13_attention_execution_mode=1 layer=71
layer0_attention_fp8_fixture_ready=1 model_dir=/home/sparkb/models/hf/zai-org/GLM-5.2-FP8 layer_index=71 bytes=165077440
routed_layer_router_bf16_fixture_ready=1 model_dir=/home/sparkb/models/hf/zai-org/GLM-5.2-FP8 layer=71 bytes=3159040
fp8_mlp_fixture_ready=1 model_dir=/home/sparkb/models/hf/zai-org/GLM-5.2-FP8 layer_index=71 shared=1 bytes=37770240
resident_linear_plans_ready=1 mask=0x000001ff dense_intermediate=2048 initialized_plan_count=9 plan_slot_count=21
exact_pp13_stage_sequence_complete first_layer=66 layer_count=6 final=0 token_count=5 total_us=103750.871 maximum_us=34905.422 submissions=5 output_hidden=/home/sparkb/sparkpipe_bench/b1_fp8_serial_current_6d36eb4/after_layer_71.bf16
glm52_resident_decode_stage validation passed fixture=exact_pp13_stage_sequence first_layer=66 layer_count=6 final=0 token_count=5 total_submissions=5 total_us=103750.871 maximum_us=34905.422 limit_us=1000000.000 restricted_token=0 pipeline_output_hidden=/home/sparkb/sparkpipe_bench/b1_fp8_serial_current_6d36eb4/after_layer_71.bf16 graph_captures=0 graph_replays=0
