resident_linear_plans_ready=1 mask=0x00000200 dense_intermediate=12288 initialized_plan_count=1 plan_slot_count=21
exact_pp13_attention_execution_mode=1 layer=30
layer0_attention_fp8_fixture_ready=1 model_dir=/home/spark5/models/hf/zai-org/GLM-5.2-FP8 layer_index=30 bytes=165077440
dsa_indexer_fp8_fixture_ready=1 model_dir=/home/spark5/models/hf/zai-org/GLM-5.2-FP8 layer_index=30
dsa_indexer_official_fixture_ready=1 layer=30 source=30 bytes=9571008
routed_layer_router_bf16_fixture_ready=1 model_dir=/home/spark5/models/hf/zai-org/GLM-5.2-FP8 layer=30 bytes=3159040
fp8_mlp_fixture_ready=1 model_dir=/home/spark5/models/hf/zai-org/GLM-5.2-FP8 layer_index=30 shared=1 bytes=37770240
resident_linear_plans_ready=1 mask=0x00001dff dense_intermediate=2048 initialized_plan_count=12 plan_slot_count=21
exact_pp13_attention_execution_mode=1 layer=31
layer0_attention_fp8_fixture_ready=1 model_dir=/home/spark5/models/hf/zai-org/GLM-5.2-FP8 layer_index=31 bytes=165077440
routed_layer_router_bf16_fixture_ready=1 model_dir=/home/spark5/models/hf/zai-org/GLM-5.2-FP8 layer=31 bytes=3159040
fp8_mlp_fixture_ready=1 model_dir=/home/spark5/models/hf/zai-org/GLM-5.2-FP8 layer_index=31 shared=1 bytes=37770240
resident_linear_plans_ready=1 mask=0x000001ff dense_intermediate=2048 initialized_plan_count=9 plan_slot_count=21
exact_pp13_attention_execution_mode=1 layer=32
layer0_attention_fp8_fixture_ready=1 model_dir=/home/spark5/models/hf/zai-org/GLM-5.2-FP8 layer_index=32 bytes=165077440
routed_layer_router_bf16_fixture_ready=1 model_dir=/home/spark5/models/hf/zai-org/GLM-5.2-FP8 layer=32 bytes=3159040
fp8_mlp_fixture_ready=1 model_dir=/home/spark5/models/hf/zai-org/GLM-5.2-FP8 layer_index=32 shared=1 bytes=37770240
resident_linear_plans_ready=1 mask=0x000001ff dense_intermediate=2048 initialized_plan_count=9 plan_slot_count=21
exact_pp13_attention_execution_mode=1 layer=33
layer0_attention_fp8_fixture_ready=1 model_dir=/home/spark5/models/hf/zai-org/GLM-5.2-FP8 layer_index=33 bytes=165077440
routed_layer_router_bf16_fixture_ready=1 model_dir=/home/spark5/models/hf/zai-org/GLM-5.2-FP8 layer=33 bytes=3159040
fp8_mlp_fixture_ready=1 model_dir=/home/spark5/models/hf/zai-org/GLM-5.2-FP8 layer_index=33 shared=1 bytes=37770240
resident_linear_plans_ready=1 mask=0x000001ff dense_intermediate=2048 initialized_plan_count=9 plan_slot_count=21
exact_pp13_attention_execution_mode=1 layer=34
layer0_attention_fp8_fixture_ready=1 model_dir=/home/spark5/models/hf/zai-org/GLM-5.2-FP8 layer_index=34 bytes=165077440
dsa_indexer_fp8_fixture_ready=1 model_dir=/home/spark5/models/hf/zai-org/GLM-5.2-FP8 layer_index=34
dsa_indexer_official_fixture_ready=1 layer=34 source=34 bytes=9571008
routed_layer_router_bf16_fixture_ready=1 model_dir=/home/spark5/models/hf/zai-org/GLM-5.2-FP8 layer=34 bytes=3159040
fp8_mlp_fixture_ready=1 model_dir=/home/spark5/models/hf/zai-org/GLM-5.2-FP8 layer_index=34 shared=1 bytes=37770240
resident_linear_plans_ready=1 mask=0x00001dff dense_intermediate=2048 initialized_plan_count=12 plan_slot_count=21
exact_pp13_attention_execution_mode=1 layer=35
layer0_attention_fp8_fixture_ready=1 model_dir=/home/spark5/models/hf/zai-org/GLM-5.2-FP8 layer_index=35 bytes=165077440
routed_layer_router_bf16_fixture_ready=1 model_dir=/home/spark5/models/hf/zai-org/GLM-5.2-FP8 layer=35 bytes=3159040
fp8_mlp_fixture_ready=1 model_dir=/home/spark5/models/hf/zai-org/GLM-5.2-FP8 layer_index=35 shared=1 bytes=37770240
resident_linear_plans_ready=1 mask=0x000001ff dense_intermediate=2048 initialized_plan_count=9 plan_slot_count=21
exact_pp13_stage_sequence_complete first_layer=30 layer_count=6 final=0 token_count=5 total_us=109132.066 maximum_us=41420.066 submissions=5 output_hidden=/home/spark5/sparkpipe_bench/b1_fp8_serial_current_6d36eb4/after_layer_35.bf16
glm52_resident_decode_stage validation passed fixture=exact_pp13_stage_sequence first_layer=30 layer_count=6 final=0 token_count=5 total_submissions=5 total_us=109132.066 maximum_us=41420.066 limit_us=1000000.000 restricted_token=0 pipeline_output_hidden=/home/spark5/sparkpipe_bench/b1_fp8_serial_current_6d36eb4/after_layer_35.bf16 graph_captures=0 graph_replays=0
