resident_linear_plans_ready=1 mask=0x00000200 dense_intermediate=12288 initialized_plan_count=1 plan_slot_count=21
exact_pp13_attention_execution_mode=1 layer=18
layer0_attention_fp8_fixture_ready=1 model_dir=/home/spark3/models/hf/zai-org/GLM-5.2-FP8 layer_index=18 bytes=165077440
dsa_indexer_fp8_fixture_ready=1 model_dir=/home/spark3/models/hf/zai-org/GLM-5.2-FP8 layer_index=18
dsa_indexer_official_fixture_ready=1 layer=18 source=18 bytes=9571008
routed_layer_router_bf16_fixture_ready=1 model_dir=/home/spark3/models/hf/zai-org/GLM-5.2-FP8 layer=18 bytes=3159040
fp8_mlp_fixture_ready=1 model_dir=/home/spark3/models/hf/zai-org/GLM-5.2-FP8 layer_index=18 shared=1 bytes=37770240
resident_linear_plans_ready=1 mask=0x00001dff dense_intermediate=2048 initialized_plan_count=12 plan_slot_count=21
exact_pp13_attention_execution_mode=1 layer=19
layer0_attention_fp8_fixture_ready=1 model_dir=/home/spark3/models/hf/zai-org/GLM-5.2-FP8 layer_index=19 bytes=165077440
routed_layer_router_bf16_fixture_ready=1 model_dir=/home/spark3/models/hf/zai-org/GLM-5.2-FP8 layer=19 bytes=3159040
fp8_mlp_fixture_ready=1 model_dir=/home/spark3/models/hf/zai-org/GLM-5.2-FP8 layer_index=19 shared=1 bytes=37770240
resident_linear_plans_ready=1 mask=0x000001ff dense_intermediate=2048 initialized_plan_count=9 plan_slot_count=21
exact_pp13_attention_execution_mode=1 layer=20
layer0_attention_fp8_fixture_ready=1 model_dir=/home/spark3/models/hf/zai-org/GLM-5.2-FP8 layer_index=20 bytes=165077440
routed_layer_router_bf16_fixture_ready=1 model_dir=/home/spark3/models/hf/zai-org/GLM-5.2-FP8 layer=20 bytes=3159040
fp8_mlp_fixture_ready=1 model_dir=/home/spark3/models/hf/zai-org/GLM-5.2-FP8 layer_index=20 shared=1 bytes=37770240
resident_linear_plans_ready=1 mask=0x000001ff dense_intermediate=2048 initialized_plan_count=9 plan_slot_count=21
exact_pp13_attention_execution_mode=1 layer=21
layer0_attention_fp8_fixture_ready=1 model_dir=/home/spark3/models/hf/zai-org/GLM-5.2-FP8 layer_index=21 bytes=165077440
routed_layer_router_bf16_fixture_ready=1 model_dir=/home/spark3/models/hf/zai-org/GLM-5.2-FP8 layer=21 bytes=3159040
fp8_mlp_fixture_ready=1 model_dir=/home/spark3/models/hf/zai-org/GLM-5.2-FP8 layer_index=21 shared=1 bytes=37770240
resident_linear_plans_ready=1 mask=0x000001ff dense_intermediate=2048 initialized_plan_count=9 plan_slot_count=21
exact_pp13_attention_execution_mode=1 layer=22
layer0_attention_fp8_fixture_ready=1 model_dir=/home/spark3/models/hf/zai-org/GLM-5.2-FP8 layer_index=22 bytes=165077440
dsa_indexer_fp8_fixture_ready=1 model_dir=/home/spark3/models/hf/zai-org/GLM-5.2-FP8 layer_index=22
dsa_indexer_official_fixture_ready=1 layer=22 source=22 bytes=9571008
routed_layer_router_bf16_fixture_ready=1 model_dir=/home/spark3/models/hf/zai-org/GLM-5.2-FP8 layer=22 bytes=3159040
fp8_mlp_fixture_ready=1 model_dir=/home/spark3/models/hf/zai-org/GLM-5.2-FP8 layer_index=22 shared=1 bytes=37770240
resident_linear_plans_ready=1 mask=0x00001dff dense_intermediate=2048 initialized_plan_count=12 plan_slot_count=21
exact_pp13_attention_execution_mode=1 layer=23
layer0_attention_fp8_fixture_ready=1 model_dir=/home/spark3/models/hf/zai-org/GLM-5.2-FP8 layer_index=23 bytes=165077440
routed_layer_router_bf16_fixture_ready=1 model_dir=/home/spark3/models/hf/zai-org/GLM-5.2-FP8 layer=23 bytes=3159040
fp8_mlp_fixture_ready=1 model_dir=/home/spark3/models/hf/zai-org/GLM-5.2-FP8 layer_index=23 shared=1 bytes=37770240
resident_linear_plans_ready=1 mask=0x000001ff dense_intermediate=2048 initialized_plan_count=9 plan_slot_count=21
exact_pp13_stage_sequence_complete first_layer=18 layer_count=6 final=0 token_count=5 total_us=100249.996 maximum_us=31804.506 submissions=5 output_hidden=/home/spark3/sparkpipe_bench/b1_fp8_serial_current_6d36eb4/after_layer_23.bf16
glm52_resident_decode_stage validation passed fixture=exact_pp13_stage_sequence first_layer=18 layer_count=6 final=0 token_count=5 total_submissions=5 total_us=100249.996 maximum_us=31804.506 limit_us=1000000.000 restricted_token=0 pipeline_output_hidden=/home/spark3/sparkpipe_bench/b1_fp8_serial_current_6d36eb4/after_layer_23.bf16 graph_captures=0 graph_replays=0
