real_lm_head_fixture_ready=1 model_dir=/home/sparkc/models/hf/zai-org/GLM-5.2-FP8 bytes=3145728
resident_linear_plans_ready=1 mask=0x00000200 dense_intermediate=12288 initialized_plan_count=1 plan_slot_count=21
exact_pp13_attention_execution_mode=1 layer=72
layer0_attention_fp8_fixture_ready=1 model_dir=/home/sparkc/models/hf/zai-org/GLM-5.2-FP8 layer_index=72 bytes=165077440
routed_layer_router_bf16_fixture_ready=1 model_dir=/home/sparkc/models/hf/zai-org/GLM-5.2-FP8 layer=72 bytes=3159040
fp8_mlp_fixture_ready=1 model_dir=/home/sparkc/models/hf/zai-org/GLM-5.2-FP8 layer_index=72 shared=1 bytes=37770240
resident_linear_plans_ready=1 mask=0x000001ff dense_intermediate=2048 initialized_plan_count=9 plan_slot_count=21
exact_pp13_attention_execution_mode=1 layer=73
layer0_attention_fp8_fixture_ready=1 model_dir=/home/sparkc/models/hf/zai-org/GLM-5.2-FP8 layer_index=73 bytes=165077440
routed_layer_router_bf16_fixture_ready=1 model_dir=/home/sparkc/models/hf/zai-org/GLM-5.2-FP8 layer=73 bytes=3159040
fp8_mlp_fixture_ready=1 model_dir=/home/sparkc/models/hf/zai-org/GLM-5.2-FP8 layer_index=73 shared=1 bytes=37770240
resident_linear_plans_ready=1 mask=0x000001ff dense_intermediate=2048 initialized_plan_count=9 plan_slot_count=21
exact_pp13_attention_execution_mode=1 layer=74
layer0_attention_fp8_fixture_ready=1 model_dir=/home/sparkc/models/hf/zai-org/GLM-5.2-FP8 layer_index=74 bytes=165077440
dsa_indexer_fp8_fixture_ready=1 model_dir=/home/sparkc/models/hf/zai-org/GLM-5.2-FP8 layer_index=74
dsa_indexer_official_fixture_ready=1 layer=74 source=74 bytes=9571008
routed_layer_router_bf16_fixture_ready=1 model_dir=/home/sparkc/models/hf/zai-org/GLM-5.2-FP8 layer=74 bytes=3159040
fp8_mlp_fixture_ready=1 model_dir=/home/sparkc/models/hf/zai-org/GLM-5.2-FP8 layer_index=74 shared=1 bytes=37770240
resident_linear_plans_ready=1 mask=0x00001dff dense_intermediate=2048 initialized_plan_count=12 plan_slot_count=21
exact_pp13_attention_execution_mode=1 layer=75
layer0_attention_fp8_fixture_ready=1 model_dir=/home/sparkc/models/hf/zai-org/GLM-5.2-FP8 layer_index=75 bytes=165077440
routed_layer_router_bf16_fixture_ready=1 model_dir=/home/sparkc/models/hf/zai-org/GLM-5.2-FP8 layer=75 bytes=3159040
fp8_mlp_fixture_ready=1 model_dir=/home/sparkc/models/hf/zai-org/GLM-5.2-FP8 layer_index=75 shared=1 bytes=37770240
resident_linear_plans_ready=1 mask=0x000001ff dense_intermediate=2048 initialized_plan_count=9 plan_slot_count=21
exact_pp13_attention_execution_mode=1 layer=76
layer0_attention_fp8_fixture_ready=1 model_dir=/home/sparkc/models/hf/zai-org/GLM-5.2-FP8 layer_index=76 bytes=165077440
routed_layer_router_bf16_fixture_ready=1 model_dir=/home/sparkc/models/hf/zai-org/GLM-5.2-FP8 layer=76 bytes=3159040
fp8_mlp_fixture_ready=1 model_dir=/home/sparkc/models/hf/zai-org/GLM-5.2-FP8 layer_index=76 shared=1 bytes=37770240
resident_linear_plans_ready=1 mask=0x000001ff dense_intermediate=2048 initialized_plan_count=9 plan_slot_count=21
exact_pp13_attention_execution_mode=1 layer=77
layer0_attention_fp8_fixture_ready=1 model_dir=/home/sparkc/models/hf/zai-org/GLM-5.2-FP8 layer_index=77 bytes=165077440
routed_layer_router_bf16_fixture_ready=1 model_dir=/home/sparkc/models/hf/zai-org/GLM-5.2-FP8 layer=77 bytes=3159040
fp8_mlp_fixture_ready=1 model_dir=/home/sparkc/models/hf/zai-org/GLM-5.2-FP8 layer_index=77 shared=1 bytes=37770240
real_final_norm_bf16_fixture_ready=1 model_dir=/home/sparkc/models/hf/zai-org/GLM-5.2-FP8 bytes=12288
real_lm_head_fixture_ready=1 model_dir=/home/sparkc/models/hf/zai-org/GLM-5.2-FP8 bytes=3145728
exact_pp13_full_vocab_fixture_ready=1 bytes=1903165440 tokens=154880
resident_linear_plans_ready=1 mask=0x000001ff dense_intermediate=2048 initialized_plan_count=9 plan_slot_count=21
exact_pp13_stage_slice_warmup_us=43884.199 timed_us=31043.096
exact_pp13_full_vocab_expected_token=not_set observed=279
exact_pp13_stage_slice_final_evidence restricted_token=279 expected_token=4294967295 mtp_draft=0 mtp_reject=0 real_lm_head=1 real_lm_head_max_logit_error=0.00000000 built_in_final_epilogue=1
pipeline_hidden_bf16_written=/tmp/graph1.bf16 active_sequences=1 bytes=12288 nonzero=6141 checksum64=11850092119547223241
glm52_resident_decode_stage validation passed fixture=local_hidden_handoff exact_pp13_stage_slice=1 model_quantization=fp8 intermediate_stage=0 final_stage=1 stage_index=12 first_layer=72 layer_count=6 total_submissions=1 total_us=31043.096 maximum_us=31043.096 limit_us=1000000.000 pipeline_input_hidden=/tmp/after_layer_71_token0.bf16 pipeline_output_hidden=/tmp/graph1.bf16 restricted_token=279 expected_token=4294967295 mtp_draft=0 mtp_reject=0 real_lm_head=1 real_lm_head_max_logit_error=0.00000000 built_in_exact_pp13_aot=1 built_in_final_epilogue=1 layer_bodies=6 b12x_moe_launches=0 launch_chains=1 graph_captures=1 graph_replays=2
